Archive member included to satisfy reference by file (symbol)

/Applications/Ac6/SystemWorkbench.app/Contents/Eclipse/plugins/fr.ac6.mcu.externaltools.arm-none.macos64_1.17.0.201812190825/tools/compiler/bin/../lib/gcc/arm-none-eabi/7.3.1/../../../../arm-none-eabi/lib/thumb/v7-m/libc_nano.a(lib_a-errno.o)
                              Src/syscalls.o (__errno)
/Applications/Ac6/SystemWorkbench.app/Contents/Eclipse/plugins/fr.ac6.mcu.externaltools.arm-none.macos64_1.17.0.201812190825/tools/compiler/bin/../lib/gcc/arm-none-eabi/7.3.1/../../../../arm-none-eabi/lib/thumb/v7-m/libc_nano.a(lib_a-exit.o)
                              /Applications/Ac6/SystemWorkbench.app/Contents/Eclipse/plugins/fr.ac6.mcu.externaltools.arm-none.macos64_1.17.0.201812190825/tools/compiler/bin/../lib/gcc/arm-none-eabi/7.3.1/../../../../arm-none-eabi/lib/thumb/v7-m/crt0.o (exit)
/Applications/Ac6/SystemWorkbench.app/Contents/Eclipse/plugins/fr.ac6.mcu.externaltools.arm-none.macos64_1.17.0.201812190825/tools/compiler/bin/../lib/gcc/arm-none-eabi/7.3.1/../../../../arm-none-eabi/lib/thumb/v7-m/libc_nano.a(lib_a-impure.o)
                              /Applications/Ac6/SystemWorkbench.app/Contents/Eclipse/plugins/fr.ac6.mcu.externaltools.arm-none.macos64_1.17.0.201812190825/tools/compiler/bin/../lib/gcc/arm-none-eabi/7.3.1/../../../../arm-none-eabi/lib/thumb/v7-m/libc_nano.a(lib_a-exit.o) (_global_impure_ptr)
/Applications/Ac6/SystemWorkbench.app/Contents/Eclipse/plugins/fr.ac6.mcu.externaltools.arm-none.macos64_1.17.0.201812190825/tools/compiler/bin/../lib/gcc/arm-none-eabi/7.3.1/../../../../arm-none-eabi/lib/thumb/v7-m/libc_nano.a(lib_a-init.o)
                              /Applications/Ac6/SystemWorkbench.app/Contents/Eclipse/plugins/fr.ac6.mcu.externaltools.arm-none.macos64_1.17.0.201812190825/tools/compiler/bin/../lib/gcc/arm-none-eabi/7.3.1/../../../../arm-none-eabi/lib/thumb/v7-m/crt0.o (__libc_init_array)
/Applications/Ac6/SystemWorkbench.app/Contents/Eclipse/plugins/fr.ac6.mcu.externaltools.arm-none.macos64_1.17.0.201812190825/tools/compiler/bin/../lib/gcc/arm-none-eabi/7.3.1/../../../../arm-none-eabi/lib/thumb/v7-m/libc_nano.a(lib_a-memset.o)
                              /Applications/Ac6/SystemWorkbench.app/Contents/Eclipse/plugins/fr.ac6.mcu.externaltools.arm-none.macos64_1.17.0.201812190825/tools/compiler/bin/../lib/gcc/arm-none-eabi/7.3.1/../../../../arm-none-eabi/lib/thumb/v7-m/crt0.o (memset)
/Applications/Ac6/SystemWorkbench.app/Contents/Eclipse/plugins/fr.ac6.mcu.externaltools.arm-none.macos64_1.17.0.201812190825/tools/compiler/bin/../lib/gcc/arm-none-eabi/7.3.1/../../../../arm-none-eabi/lib/thumb/v7-m/libc_nano.a(lib_a-strlen.o)
                              Src/main.o (strlen)
/Applications/Ac6/SystemWorkbench.app/Contents/Eclipse/plugins/fr.ac6.mcu.externaltools.arm-none.macos64_1.17.0.201812190825/tools/compiler/bin/../lib/gcc/arm-none-eabi/7.3.1/../../../../arm-none-eabi/lib/thumb/v7-m/libc_nano.a(lib_a-vsnprintf.o)
                              Src/main.o (vsnprintf)
/Applications/Ac6/SystemWorkbench.app/Contents/Eclipse/plugins/fr.ac6.mcu.externaltools.arm-none.macos64_1.17.0.201812190825/tools/compiler/bin/../lib/gcc/arm-none-eabi/7.3.1/../../../../arm-none-eabi/lib/thumb/v7-m/libc_nano.a(lib_a-nano-svfprintf.o)
                              /Applications/Ac6/SystemWorkbench.app/Contents/Eclipse/plugins/fr.ac6.mcu.externaltools.arm-none.macos64_1.17.0.201812190825/tools/compiler/bin/../lib/gcc/arm-none-eabi/7.3.1/../../../../arm-none-eabi/lib/thumb/v7-m/libc_nano.a(lib_a-vsnprintf.o) (_svfprintf_r)
/Applications/Ac6/SystemWorkbench.app/Contents/Eclipse/plugins/fr.ac6.mcu.externaltools.arm-none.macos64_1.17.0.201812190825/tools/compiler/bin/../lib/gcc/arm-none-eabi/7.3.1/../../../../arm-none-eabi/lib/thumb/v7-m/libc_nano.a(lib_a-nano-vfprintf_i.o)
                              /Applications/Ac6/SystemWorkbench.app/Contents/Eclipse/plugins/fr.ac6.mcu.externaltools.arm-none.macos64_1.17.0.201812190825/tools/compiler/bin/../lib/gcc/arm-none-eabi/7.3.1/../../../../arm-none-eabi/lib/thumb/v7-m/libc_nano.a(lib_a-nano-svfprintf.o) (_printf_i)
/Applications/Ac6/SystemWorkbench.app/Contents/Eclipse/plugins/fr.ac6.mcu.externaltools.arm-none.macos64_1.17.0.201812190825/tools/compiler/bin/../lib/gcc/arm-none-eabi/7.3.1/../../../../arm-none-eabi/lib/thumb/v7-m/libc_nano.a(lib_a-memchr-stub.o)
                              /Applications/Ac6/SystemWorkbench.app/Contents/Eclipse/plugins/fr.ac6.mcu.externaltools.arm-none.macos64_1.17.0.201812190825/tools/compiler/bin/../lib/gcc/arm-none-eabi/7.3.1/../../../../arm-none-eabi/lib/thumb/v7-m/libc_nano.a(lib_a-nano-svfprintf.o) (memchr)
/Applications/Ac6/SystemWorkbench.app/Contents/Eclipse/plugins/fr.ac6.mcu.externaltools.arm-none.macos64_1.17.0.201812190825/tools/compiler/bin/../lib/gcc/arm-none-eabi/7.3.1/../../../../arm-none-eabi/lib/thumb/v7-m/libc_nano.a(lib_a-memcpy-stub.o)
[...]
Memory Configuration

Name             Origin             Length             Attributes
RAM              0x0000000020000000 0x0000000000005000 xrw
FLASH            0x0000000008000000 0x0000000000020000 xr
*default*        0x0000000000000000 0xffffffffffffffff

Linker script and memory map

LOAD /Applications/Ac6/SystemWorkbench.app/Contents/Eclipse/plugins/fr.ac6.mcu.externaltools.arm-none.macos64_1.17.0.201812190825/tools/compiler/bin/../lib/gcc/arm-none-eabi/7.3.1/thumb/v7-m/crti.o
LOAD /Applications/Ac6/SystemWorkbench.app/Contents/Eclipse/plugins/fr.ac6.mcu.externaltools.arm-none.macos64_1.17.0.201812190825/tools/compiler/bin/../lib/gcc/arm-none-eabi/7.3.1/thumb/v7-m/crtbegin.o
LOAD /Applications/Ac6/SystemWorkbench.app/Contents/Eclipse/plugins/fr.ac6.mcu.externaltools.arm-none.macos64_1.17.0.201812190825/tools/compiler/bin/../lib/gcc/arm-none-eabi/7.3.1/../../../../arm-none-eabi/lib/thumb/v7-m/crt0.o
LOAD Drivers/STM32F1xx_HAL_Driver/Src/stm32f1xx_hal.o
LOAD Drivers/STM32F1xx_HAL_Driver/Src/stm32f1xx_hal_cortex.o
LOAD Drivers/STM32F1xx_HAL_Driver/Src/stm32f1xx_hal_dma.o
LOAD Drivers/STM32F1xx_HAL_Driver/Src/stm32f1xx_hal_flash.o
LOAD Drivers/STM32F1xx_HAL_Driver/Src/stm32f1xx_hal_flash_ex.o
LOAD Drivers/STM32F1xx_HAL_Driver/Src/stm32f1xx_hal_gpio.o
LOAD Drivers/STM32F1xx_HAL_Driver/Src/stm32f1xx_hal_gpio_ex.o
LOAD Drivers/STM32F1xx_HAL_Driver/Src/stm32f1xx_hal_pwr.o
LOAD Drivers/STM32F1xx_HAL_Driver/Src/stm32f1xx_hal_rcc.o
LOAD Drivers/STM32F1xx_HAL_Driver/Src/stm32f1xx_hal_rcc_ex.o
LOAD Drivers/STM32F1xx_HAL_Driver/Src/stm32f1xx_hal_rtc.o
LOAD Drivers/STM32F1xx_HAL_Driver/Src/stm32f1xx_hal_rtc_ex.o
LOAD Drivers/STM32F1xx_HAL_Driver/Src/stm32f1xx_hal_spi.o
LOAD Drivers/STM32F1xx_HAL_Driver/Src/stm32f1xx_hal_spi_ex.o
LOAD Drivers/STM32F1xx_HAL_Driver/Src/stm32f1xx_hal_tim.o
LOAD Drivers/STM32F1xx_HAL_Driver/Src/stm32f1xx_hal_tim_ex.o
LOAD Drivers/STM32F1xx_HAL_Driver/Src/stm32f1xx_hal_uart.o
LOAD Middlewares/Third_Party/FatFs/src/diskio.o
LOAD Middlewares/Third_Party/FatFs/src/ff.o
LOAD Middlewares/Third_Party/FatFs/src/ff_gen_drv.o
LOAD Middlewares/Third_Party/FatFs/src/option/syscall.o
LOAD Src/fatfs.o
LOAD Src/main.o
LOAD Src/stm32f1xx_hal_msp.o
LOAD Src/stm32f1xx_it.o
LOAD Src/syscalls.o
LOAD Src/system_stm32f1xx.o
LOAD Src/user_diskio.o
LOAD Src/user_diskio_spi.o
LOAD startup/startup_stm32f103xb.o
LOAD /Applications/Ac6/SystemWorkbench.app/Contents/Eclipse/plugins/fr.ac6.mcu.externaltools.arm-none.macos64_1.17.0.201812190825/tools/compiler/bin/../lib/gcc/arm-none-eabi/7.3.1/../../../../arm-none-eabi/lib/thumb/v7-m/libm.a
START GROUP
LOAD /Applications/Ac6/SystemWorkbench.app/Contents/Eclipse/plugins/fr.ac6.mcu.externaltools.arm-none.macos64_1.17.0.201812190825/tools/compiler/bin/../lib/gcc/arm-none-eabi/7.3.1/thumb/v7-m/libgcc.a
LOAD /Applications/Ac6/SystemWorkbench.app/Contents/Eclipse/plugins/fr.ac6.mcu.externaltools.arm-none.macos64_1.17.0.201812190825/tools/compiler/bin/../lib/gcc/arm-none-eabi/7.3.1/../../../../arm-none-eabi/lib/thumb/v7-m/libc_nano.a
END GROUP
START GROUP
LOAD /Applications/Ac6/SystemWorkbench.app/Contents/Eclipse/plugins/fr.ac6.mcu.externaltools.arm-none.macos64_1.17.0.201812190825/tools/compiler/bin/../lib/gcc/arm-none-eabi/7.3.1/thumb/v7-m/libgcc.a
LOAD /Applications/Ac6/SystemWorkbench.app/Contents/Eclipse/plugins/fr.ac6.mcu.externaltools.arm-none.macos64_1.17.0.201812190825/tools/compiler/bin/../lib/gcc/arm-none-eabi/7.3.1/../../../../arm-none-eabi/lib/thumb/v7-m/libc_nano.a
LOAD /Applications/Ac6/SystemWorkbench.app/Contents/Eclipse/plugins/fr.ac6.mcu.externaltools.arm-none.macos64_1.17.0.201812190825/tools/compiler/bin/../lib/gcc/arm-none-eabi/7.3.1/../../../../arm-none-eabi/lib/thumb/v7-m/libnosys.a
END GROUP
START GROUP
LOAD /Applications/Ac6/SystemWorkbench.app/Contents/Eclipse/plugins/fr.ac6.mcu.externaltools.arm-none.macos64_1.17.0.201812190825/tools/compiler/bin/../lib/gcc/arm-none-eabi/7.3.1/thumb/v7-m/libgcc.a
LOAD /Applications/Ac6/SystemWorkbench.app/Contents/Eclipse/plugins/fr.ac6.mcu.externaltools.arm-none.macos64_1.17.0.201812190825/tools/compiler/bin/../lib/gcc/arm-none-eabi/7.3.1/../../../../arm-none-eabi/lib/thumb/v7-m/libc_nano.a
LOAD /Applications/Ac6/SystemWorkbench.app/Contents/Eclipse/plugins/fr.ac6.mcu.externaltools.arm-none.macos64_1.17.0.201812190825/tools/compiler/bin/../lib/gcc/arm-none-eabi/7.3.1/../../../../arm-none-eabi/lib/thumb/v7-m/libnosys.a
END GROUP
LOAD /Applications/Ac6/SystemWorkbench.app/Contents/Eclipse/plugins/fr.ac6.mcu.externaltools.arm-none.macos64_1.17.0.201812190825/tools/compiler/bin/../lib/gcc/arm-none-eabi/7.3.1/thumb/v7-m/crtend.o
LOAD /Applications/Ac6/SystemWorkbench.app/Contents/Eclipse/plugins/fr.ac6.mcu.externaltools.arm-none.macos64_1.17.0.201812190825/tools/compiler/bin/../lib/gcc/arm-none-eabi/7.3.1/thumb/v7-m/crtn.o
                0x0000000020005000                _estack = 0x20005000
                0x0000000000000200                _Min_Heap_Size = 0x200
                0x0000000000000400                _Min_Stack_Size = 0x400

.isr_vector     0x0000000008000000      0x10c
                0x0000000008000000                . = ALIGN (0x4)
 *(.isr_vector)
 .isr_vector    0x0000000008000000      0x10c startup/startup_stm32f103xb.o
                0x0000000008000000                g_pfnVectors
                0x000000000800010c                . = ALIGN (0x4)

.text           0x000000000800010c     0x4460
                0x000000000800010c                . = ALIGN (0x4)
 *(.text)
 .text          0x000000000800010c       0x40 /Applications/Ac6/SystemWorkbench.app/Contents/Eclipse/plugins/fr.ac6.mcu.externaltools.arm-none.macos64_1.17.0.201812190825/tools/compiler/bin/../lib/gcc/arm-none-eabi/7.3.1/thumb/v7-m/crtbegin.o
 .text          0x000000000800014c       0x10 /Applications/Ac6/SystemWorkbench.app/Contents/Eclipse/plugins/fr.ac6.mcu.externaltools.arm-none.macos64_1.17.0.201812190825/tools/compiler/bin/../lib/gcc/arm-none-eabi/7.3.1/../../../../arm-none-eabi/lib/thumb/v7-m/libc_nano.a(lib_a-strlen.o)
                0x000000000800014c                strlen
 *(.text*)
 .text.HAL_InitTick
                0x000000000800015c       0x48 Drivers/STM32F1xx_HAL_Driver/Src/stm32f1xx_hal.o
                0x000000000800015c                HAL_InitTick
 .text.HAL_Init
                0x00000000080001a4       0x24 Drivers/STM32F1xx_HAL_Driver/Src/stm32f1xx_hal.o
                0x00000000080001a4                HAL_Init
 .text.HAL_IncTick
                0x00000000080001c8       0x18 Drivers/STM32F1xx_HAL_Driver/Src/stm32f1xx_hal.o
                0x00000000080001c8                HAL_IncTick
 .text.HAL_GetTick
                0x00000000080001e0        0xc Drivers/STM32F1xx_HAL_Driver/Src/stm32f1xx_hal.o
                0x00000000080001e0                HAL_GetTick
 .text.HAL_Delay
                0x00000000080001ec       0x28 Drivers/STM32F1xx_HAL_Driver/Src/stm32f1xx_hal.o
                0x00000000080001ec                HAL_Delay
 .text.HAL_NVIC_SetPriorityGrouping
                0x0000000008000214       0x24 Drivers/STM32F1xx_HAL_Driver/Src/stm32f1xx_hal_cortex.o
                0x0000000008000214                HAL_NVIC_SetPriorityGrouping
 .text.HAL_NVIC_SetPriority
                0x0000000008000238       0x68 Drivers/STM32F1xx_HAL_Driver/Src/stm32f1xx_hal_cortex.o
                0x0000000008000238                HAL_NVIC_SetPriority
 .text.HAL_NVIC_EnableIRQ
                0x00000000080002a0       0x18 Drivers/STM32F1xx_HAL_Driver/Src/stm32f1xx_hal_cortex.o
                0x00000000080002a0                HAL_NVIC_EnableIRQ
 .text.HAL_SYSTICK_Config
                0x00000000080002b8       0x2c Drivers/STM32F1xx_HAL_Driver/Src/stm32f1xx_hal_cortex.o
                0x00000000080002b8                HAL_SYSTICK_Config
 .text.HAL_GPIO_Init
                0x00000000080002e4      0x1d4 Drivers/STM32F1xx_HAL_Driver/Src/stm32f1xx_hal_gpio.o
                0x00000000080002e4                HAL_GPIO_Init
 .text.HAL_GPIO_WritePin
                0x00000000080004b8        0xc Drivers/STM32F1xx_HAL_Driver/Src/stm32f1xx_hal_gpio.o
                0x00000000080004b8                HAL_GPIO_WritePin
 .text.HAL_GPIO_EXTI_Callback
                0x00000000080004c4        0x2 Drivers/STM32F1xx_HAL_Driver/Src/stm32f1xx_hal_gpio.o
                0x00000000080004c4                HAL_GPIO_EXTI_Callback
 *fill*         0x00000000080004c6        0x2 
 .text.HAL_GPIO_EXTI_IRQHandler
                0x00000000080004c8       0x1c Drivers/STM32F1xx_HAL_Driver/Src/stm32f1xx_hal_gpio.o
                0x00000000080004c8                HAL_GPIO_EXTI_IRQHandler
 .text.HAL_PWR_EnableBkUpAccess
                0x00000000080004e4        0xc Drivers/STM32F1xx_HAL_Driver/Src/stm32f1xx_hal_pwr.o
                0x00000000080004e4                HAL_PWR_EnableBkUpAccess
 .text.RCC_Delay
                0x00000000080004f0       0x2c Drivers/STM32F1xx_HAL_Driver/Src/stm32f1xx_hal_rcc.o
 .text.HAL_RCC_OscConfig
                0x000000000800051c      0x3dc Drivers/STM32F1xx_HAL_Driver/Src/stm32f1xx_hal_rcc.o
                0x000000000800051c                HAL_RCC_OscConfig
 .text.HAL_RCC_GetSysClockFreq
                0x00000000080008f8       0x70 Drivers/STM32F1xx_HAL_Driver/Src/stm32f1xx_hal_rcc.o
                0x00000000080008f8                HAL_RCC_GetSysClockFreq
 .text.HAL_RCC_ClockConfig
                0x0000000008000968      0x19c Drivers/STM32F1xx_HAL_Driver/Src/stm32f1xx_hal_rcc.o
                0x0000000008000968                HAL_RCC_ClockConfig
 .text.HAL_RCC_GetHCLKFreq
                0x0000000008000b04        0xc Drivers/STM32F1xx_HAL_Driver/Src/stm32f1xx_hal_rcc.o
                0x0000000008000b04                HAL_RCC_GetHCLKFreq
 .text.HAL_RCC_GetPCLK1Freq
                0x0000000008000b10       0x20 Drivers/STM32F1xx_HAL_Driver/Src/stm32f1xx_hal_rcc.o
                0x0000000008000b10                HAL_RCC_GetPCLK1Freq
 .text.HAL_RCC_GetPCLK2Freq
                0x0000000008000b30       0x20 Drivers/STM32F1xx_HAL_Driver/Src/stm32f1xx_hal_rcc.o
                0x0000000008000b30                HAL_RCC_GetPCLK2Freq
 .text.HAL_RCCEx_PeriphCLKConfig
                0x0000000008000b50      0x114 Drivers/STM32F1xx_HAL_Driver/Src/stm32f1xx_hal_rcc_ex.o
                0x0000000008000b50                HAL_RCCEx_PeriphCLKConfig
 .text.HAL_RCCEx_GetPeriphCLKFreq
                0x0000000008000c64       0xfc Drivers/STM32F1xx_HAL_Driver/Src/stm32f1xx_hal_rcc_ex.o
                0x0000000008000c64                HAL_RCCEx_GetPeriphCLKFreq
 .text.RTC_EnterInitMode
                0x0000000008000d60       0x30 Drivers/STM32F1xx_HAL_Driver/Src/stm32f1xx_hal_rtc.o
 .text.RTC_ExitInitMode
                0x0000000008000d90       0x32 Drivers/STM32F1xx_HAL_Driver/Src/stm32f1xx_hal_rtc.o
 .text.HAL_RTC_WaitForSynchro
                0x0000000008000dc2       0x38 Drivers/STM32F1xx_HAL_Driver/Src/stm32f1xx_hal_rtc.o
                0x0000000008000dc2                HAL_RTC_WaitForSynchro
 *fill*         0x0000000008000dfa        0x2 
 .text.HAL_RTC_Init
                0x0000000008000dfc       0xc4 Drivers/STM32F1xx_HAL_Driver/Src/stm32f1xx_hal_rtc.o
                0x0000000008000dfc                HAL_RTC_Init
 .text.SPI_WaitFlagStateUntilTimeout
                0x0000000008000ec0       0x96 Drivers/STM32F1xx_HAL_Driver/Src/stm32f1xx_hal_spi.o
 .text.SPI_CheckFlag_BSY
                0x0000000008000f56       0x28 Drivers/STM32F1xx_HAL_Driver/Src/stm32f1xx_hal_spi.o
 .text.HAL_SPI_TransmitReceive
                0x0000000008000f7e      0x238 Drivers/STM32F1xx_HAL_Driver/Src/stm32f1xx_hal_spi.o
                0x0000000008000f7e                HAL_SPI_TransmitReceive
 .text.HAL_SPI_Init
                0x00000000080011b6       0x82 Drivers/STM32F1xx_HAL_Driver/Src/stm32f1xx_hal_spi_ex.o
                0x00000000080011b6                HAL_SPI_Init
 .text.UART_SetConfig
                0x0000000008001238      0x1ac Drivers/STM32F1xx_HAL_Driver/Src/stm32f1xx_hal_uart.o
 .text.UART_WaitOnFlagUntilTimeout
                0x00000000080013e4       0x62 Drivers/STM32F1xx_HAL_Driver/Src/stm32f1xx_hal_uart.o
 .text.HAL_UART_Init
                0x0000000008001446       0x5e Drivers/STM32F1xx_HAL_Driver/Src/stm32f1xx_hal_uart.o
                0x0000000008001446                HAL_UART_Init
 .text.HAL_UART_Transmit
                0x00000000080014a4       0xe0 Drivers/STM32F1xx_HAL_Driver/Src/stm32f1xx_hal_uart.o
                0x00000000080014a4                HAL_UART_Transmit
 .text.disk_status
                0x0000000008001584       0x18 Middlewares/Third_Party/FatFs/src/diskio.o
                0x0000000008001584                disk_status
 .text.disk_initialize
                0x000000000800159c       0x28 Middlewares/Third_Party/FatFs/src/diskio.o
                0x000000000800159c                disk_initialize
 .text.disk_read
                0x00000000080015c4       0x18 Middlewares/Third_Party/FatFs/src/diskio.o
                0x00000000080015c4                disk_read
 .text.disk_write
                0x00000000080015dc       0x18 Middlewares/Third_Party/FatFs/src/diskio.o
                0x00000000080015dc                disk_write
 .text.disk_ioctl
                0x00000000080015f4       0x18 Middlewares/Third_Party/FatFs/src/diskio.o
                0x00000000080015f4                disk_ioctl
 .text.mem_cpy  0x000000000800160c       0x14 Middlewares/Third_Party/FatFs/src/ff.o
 .text.mem_set  0x0000000008001620       0x10 Middlewares/Third_Party/FatFs/src/ff.o
 .text.mem_cmp  0x0000000008001630       0x22 Middlewares/Third_Party/FatFs/src/ff.o
 .text.chk_chr  0x0000000008001652       0x10 Middlewares/Third_Party/FatFs/src/ff.o
 *fill*         0x0000000008001662        0x2 
 .text.chk_lock
                0x0000000008001664       0x8c Middlewares/Third_Party/FatFs/src/ff.o
 .text.enq_lock
                0x00000000080016f0       0x24 Middlewares/Third_Party/FatFs/src/ff.o
 .text.inc_lock
                0x0000000008001714       0xd0 Middlewares/Third_Party/FatFs/src/ff.o
 .text.dec_lock
                0x00000000080017e4       0x44 Middlewares/Third_Party/FatFs/src/ff.o
 .text.clear_lock
                0x0000000008001828       0x34 Middlewares/Third_Party/FatFs/src/ff.o
 .text.clmt_clust
                0x000000000800185c       0x28 Middlewares/Third_Party/FatFs/src/ff.o
 .text.ld_clust
                0x0000000008001884       0x22 Middlewares/Third_Party/FatFs/src/ff.o
 .text.st_clust
                0x00000000080018a6       0x12 Middlewares/Third_Party/FatFs/src/ff.o
 .text.create_name
                0x00000000080018b8      0x114 Middlewares/Third_Party/FatFs/src/ff.o
 .text.get_ldnumber
                0x00000000080019cc       0x52 Middlewares/Third_Party/FatFs/src/ff.o
 .text.sync_window
                0x0000000008001a1e       0x64 Middlewares/Third_Party/FatFs/src/ff.o
 .text.move_window
                0x0000000008001a82       0x38 Middlewares/Third_Party/FatFs/src/ff.o
 *fill*         0x0000000008001aba        0x2 
 .text.check_fs
                0x0000000008001abc       0x90 Middlewares/Third_Party/FatFs/src/ff.o
 .text.validate
                0x0000000008001b4c       0x42 Middlewares/Third_Party/FatFs/src/ff.o
 *fill*         0x0000000008001b8e        0x2 
 .text.find_volume
                0x0000000008001b90      0x394 Middlewares/Third_Party/FatFs/src/ff.o
 .text.sync_fs  0x0000000008001f24       0xc2 Middlewares/Third_Party/FatFs/src/ff.o
 .text.clust2sect
                0x0000000008001fe6       0x1e Middlewares/Third_Party/FatFs/src/ff.o
                0x0000000008001fe6                clust2sect
 .text.get_fat  0x0000000008002004       0xde Middlewares/Third_Party/FatFs/src/ff.o
                0x0000000008002004                get_fat
 .text.dir_sdi  0x00000000080020e2       0xb6 Middlewares/Third_Party/FatFs/src/ff.o
 .text.put_fat  0x0000000008002198      0x126 Middlewares/Third_Party/FatFs/src/ff.o
                0x0000000008002198                put_fat
 .text.create_chain
                0x00000000080022be       0xce Middlewares/Third_Party/FatFs/src/ff.o
 .text.dir_next
                0x000000000800238c      0x142 Middlewares/Third_Party/FatFs/src/ff.o
 .text.dir_find
                0x00000000080024ce       0x56 Middlewares/Third_Party/FatFs/src/ff.o
 .text.follow_path
                0x0000000008002524       0x88 Middlewares/Third_Party/FatFs/src/ff.o
 .text.dir_alloc
                0x00000000080025ac       0x54 Middlewares/Third_Party/FatFs/src/ff.o
 .text.dir_register
                0x0000000008002600       0x4a Middlewares/Third_Party/FatFs/src/ff.o
 .text.remove_chain
                0x000000000800264a       0x74 Middlewares/Third_Party/FatFs/src/ff.o
 *fill*         0x00000000080026be        0x2 
 .text.f_mount  0x00000000080026c0       0x64 Middlewares/Third_Party/FatFs/src/ff.o
                0x00000000080026c0                f_mount
 .text.f_open   0x0000000008002724      0x1c6 Middlewares/Third_Party/FatFs/src/ff.o
                0x0000000008002724                f_open
 .text.f_read   0x00000000080028ea      0x1c6 Middlewares/Third_Party/FatFs/src/ff.o
                0x00000000080028ea                f_read
 .text.f_write  0x0000000008002ab0      0x218 Middlewares/Third_Party/FatFs/src/ff.o
                0x0000000008002ab0                f_write
 .text.f_sync   0x0000000008002cc8       0xc6 Middlewares/Third_Party/FatFs/src/ff.o
                0x0000000008002cc8                f_sync
 .text.f_close  0x0000000008002d8e       0x32 Middlewares/Third_Party/FatFs/src/ff.o
                0x0000000008002d8e                f_close
 .text.f_getfree
                0x0000000008002dc0       0xfe Middlewares/Third_Party/FatFs/src/ff.o
                0x0000000008002dc0                f_getfree
 .text.f_gets   0x0000000008002ebe       0x54 Middlewares/Third_Party/FatFs/src/ff.o
                0x0000000008002ebe                f_gets
 *fill*         0x0000000008002f12        0x2 
 .text.FATFS_LinkDriverEx
                0x0000000008002f14       0x4c Middlewares/Third_Party/FatFs/src/ff_gen_drv.o
                0x0000000008002f14                FATFS_LinkDriverEx
 .text.FATFS_LinkDriver
                0x0000000008002f60        0xa Middlewares/Third_Party/FatFs/src/ff_gen_drv.o
                0x0000000008002f60                FATFS_LinkDriver
 *fill*         0x0000000008002f6a        0x2 
 .text.MX_FATFS_Init
                0x0000000008002f6c       0x1c Src/fatfs.o
                0x0000000008002f6c                MX_FATFS_Init
 .text.get_fattime
                0x0000000008002f88        0x4 Src/fatfs.o
                0x0000000008002f88                get_fattime
 .text.MX_GPIO_Init
                0x0000000008002f8c       0xf0 Src/main.o
 .text.MX_RTC_Init
                0x000000000800307c       0x24 Src/main.o
 .text.MX_SPI2_Init
                0x00000000080030a0       0x3c Src/main.o
 .text.MX_USART1_UART_Init
                0x00000000080030dc       0x2c Src/main.o
 .text.SystemClock_Config
                0x0000000008003108       0x6a Src/main.o
                0x0000000008003108                SystemClock_Config
 *fill*         0x0000000008003172        0x2 
 .text.myprintf
                0x0000000008003174       0x40 Src/main.o
                0x0000000008003174                myprintf
 .text.main     0x00000000080031b4      0x158 Src/main.o
                0x00000000080031b4                main
 .text.HAL_MspInit
                0x000000000800330c       0x44 Src/stm32f1xx_hal_msp.o
                0x000000000800330c                HAL_MspInit
 .text.HAL_RTC_MspInit
                0x0000000008003350       0x40 Src/stm32f1xx_hal_msp.o
                0x0000000008003350                HAL_RTC_MspInit
 .text.HAL_SPI_MspInit
                0x0000000008003390       0x78 Src/stm32f1xx_hal_msp.o
                0x0000000008003390                HAL_SPI_MspInit
 .text.HAL_UART_MspInit
                0x0000000008003408       0x78 Src/stm32f1xx_hal_msp.o
                0x0000000008003408                HAL_UART_MspInit
 .text.NMI_Handler
                0x0000000008003480        0x2 Src/stm32f1xx_it.o
                0x0000000008003480                NMI_Handler
 .text.HardFault_Handler
                0x0000000008003482        0x2 Src/stm32f1xx_it.o
                0x0000000008003482                HardFault_Handler
 .text.MemManage_Handler
                0x0000000008003484        0x2 Src/stm32f1xx_it.o
                0x0000000008003484                MemManage_Handler
 .text.BusFault_Handler
                0x0000000008003486        0x2 Src/stm32f1xx_it.o
                0x0000000008003486                BusFault_Handler
 .text.UsageFault_Handler
                0x0000000008003488        0x2 Src/stm32f1xx_it.o
                0x0000000008003488                UsageFault_Handler
 .text.SVC_Handler
                0x000000000800348a        0x2 Src/stm32f1xx_it.o
                0x000000000800348a                SVC_Handler
 .text.DebugMon_Handler
                0x000000000800348c        0x2 Src/stm32f1xx_it.o
                0x000000000800348c                DebugMon_Handler
 .text.PendSV_Handler
                0x000000000800348e        0x2 Src/stm32f1xx_it.o
                0x000000000800348e                PendSV_Handler
 .text.SysTick_Handler
                0x0000000008003490        0x8 Src/stm32f1xx_it.o
                0x0000000008003490                SysTick_Handler
 .text.EXTI15_10_IRQHandler
                0x0000000008003498        0xc Src/stm32f1xx_it.o
                0x0000000008003498                EXTI15_10_IRQHandler
 .text._sbrk    0x00000000080034a4       0x3c Src/syscalls.o
                0x00000000080034a4                _sbrk
 .text.SystemInit
                0x00000000080034e0       0x4c Src/system_stm32f1xx.o
                0x00000000080034e0                SystemInit
 .text.USER_initialize
                0x000000000800352c        0x8 Src/user_diskio.o
                0x000000000800352c                USER_initialize
 .text.USER_status
                0x0000000008003534        0x8 Src/user_diskio.o
                0x0000000008003534                USER_status
 .text.USER_read
                0x000000000800353c        0x8 Src/user_diskio.o
                0x000000000800353c                USER_read
 .text.USER_write
                0x0000000008003544        0x8 Src/user_diskio.o
                0x0000000008003544                USER_write
 .text.USER_ioctl
                0x000000000800354c        0x8 Src/user_diskio.o
                0x000000000800354c                USER_ioctl
 .text.xchg_spi
                0x0000000008003554       0x2c Src/user_diskio_spi.o
 .text.wait_ready
                0x0000000008003580       0x2a Src/user_diskio_spi.o
 .text.rcvr_spi_multi
                0x00000000080035aa       0x1a Src/user_diskio_spi.o
 .text.xmit_spi_multi
                0x00000000080035c4       0x18 Src/user_diskio_spi.o
 .text.xmit_datablock
                0x00000000080035dc       0x50 Src/user_diskio_spi.o
 .text.despiselect
                0x000000000800362c       0x18 Src/user_diskio_spi.o
 .text.spiselect
                0x0000000008003644       0x30 Src/user_diskio_spi.o
 .text.send_cmd
                0x0000000008003674       0x8c Src/user_diskio_spi.o
 .text.SPI_Timer_On
                0x0000000008003700       0x1c Src/user_diskio_spi.o
                0x0000000008003700                SPI_Timer_On
 .text.SPI_Timer_Status
                0x000000000800371c       0x24 Src/user_diskio_spi.o
                0x000000000800371c                SPI_Timer_Status
 .text.rcvr_datablock
                0x0000000008003740       0x40 Src/user_diskio_spi.o
 .text.USER_SPI_initialize
                0x0000000008003780      0x158 Src/user_diskio_spi.o
                0x0000000008003780                USER_SPI_initialize
 .text.USER_SPI_status
                0x00000000080038d8       0x14 Src/user_diskio_spi.o
                0x00000000080038d8                USER_SPI_status
 .text.USER_SPI_read
                0x00000000080038ec       0x8c Src/user_diskio_spi.o
                0x00000000080038ec                USER_SPI_read
 .text.USER_SPI_write
                0x0000000008003978       0xb0 Src/user_diskio_spi.o
                0x0000000008003978                USER_SPI_write
 .text.USER_SPI_ioctl
                0x0000000008003a28      0x224 Src/user_diskio_spi.o
                0x0000000008003a28                USER_SPI_ioctl
 .text.Reset_Handler
                0x0000000008003c4c       0x48 startup/startup_stm32f103xb.o
                0x0000000008003c4c                Reset_Handler
 .text.Default_Handler
                0x0000000008003c94        0x2 startup/startup_stm32f103xb.o
                0x0000000008003c94                USBWakeUp_IRQHandler
                0x0000000008003c94                EXTI2_IRQHandler
                0x0000000008003c94                TIM1_CC_IRQHandler
                0x0000000008003c94                PVD_IRQHandler
                0x0000000008003c94                EXTI3_IRQHandler
                0x0000000008003c94                EXTI0_IRQHandler
                0x0000000008003c94                I2C2_EV_IRQHandler
                0x0000000008003c94                ADC1_2_IRQHandler
                0x0000000008003c94                SPI1_IRQHandler
                0x0000000008003c94                TAMPER_IRQHandler
                0x0000000008003c94                DMA1_Channel4_IRQHandler
                0x0000000008003c94                USART3_IRQHandler
                0x0000000008003c94                RTC_IRQHandler
                0x0000000008003c94                DMA1_Channel7_IRQHandler
                0x0000000008003c94                CAN1_RX1_IRQHandler
                0x0000000008003c94                TIM4_IRQHandler
                0x0000000008003c94                I2C1_EV_IRQHandler
                0x0000000008003c94                DMA1_Channel6_IRQHandler
                0x0000000008003c94                TIM3_IRQHandler
                0x0000000008003c94                RCC_IRQHandler
                0x0000000008003c94                TIM1_TRG_COM_IRQHandler
                0x0000000008003c94                DMA1_Channel1_IRQHandler
                0x0000000008003c94                Default_Handler
                0x0000000008003c94                EXTI9_5_IRQHandler
                0x0000000008003c94                SPI2_IRQHandler
                0x0000000008003c94                DMA1_Channel5_IRQHandler
                0x0000000008003c94                EXTI4_IRQHandler
                0x0000000008003c94                USB_LP_CAN1_RX0_IRQHandler
                0x0000000008003c94                USB_HP_CAN1_TX_IRQHandler
                0x0000000008003c94                DMA1_Channel3_IRQHandler
                0x0000000008003c94                TIM1_UP_IRQHandler
                0x0000000008003c94                WWDG_IRQHandler
                0x0000000008003c94                TIM2_IRQHandler
                0x0000000008003c94                TIM1_BRK_IRQHandler
                0x0000000008003c94                EXTI1_IRQHandler
                0x0000000008003c94                USART2_IRQHandler
                0x0000000008003c94                I2C2_ER_IRQHandler
                0x0000000008003c94                DMA1_Channel2_IRQHandler
                0x0000000008003c94                CAN1_SCE_IRQHandler
                0x0000000008003c94                FLASH_IRQHandler
                0x0000000008003c94                USART1_IRQHandler
                0x0000000008003c94                I2C1_ER_IRQHandler
                0x0000000008003c94                RTC_Alarm_IRQHandler
 *fill*         0x0000000008003c96        0x2 
 .text.__errno  0x0000000008003c98        0xc /Applications/Ac6/SystemWorkbench.app/Contents/Eclipse/plugins/fr.ac6.mcu.externaltools.arm-none.macos64_1.17.0.201812190825/tools/compiler/bin/../lib/gcc/arm-none-eabi/7.3.1/../../../../arm-none-eabi/lib/thumb/v7-m/libc_nano.a(lib_a-errno.o)
                0x0000000008003c98                __errno
 .text.__libc_init_array
                0x0000000008003ca4       0x48 /Applications/Ac6/SystemWorkbench.app/Contents/Eclipse/plugins/fr.ac6.mcu.externaltools.arm-none.macos64_1.17.0.201812190825/tools/compiler/bin/../lib/gcc/arm-none-eabi/7.3.1/../../../../arm-none-eabi/lib/thumb/v7-m/libc_nano.a(lib_a-init.o)
                0x0000000008003ca4                __libc_init_array
 .text.memset   0x0000000008003cec       0x10 /Applications/Ac6/SystemWorkbench.app/Contents/Eclipse/plugins/fr.ac6.mcu.externaltools.arm-none.macos64_1.17.0.201812190825/tools/compiler/bin/../lib/gcc/arm-none-eabi/7.3.1/../../../../arm-none-eabi/lib/thumb/v7-m/libc_nano.a(lib_a-memset.o)
                0x0000000008003cec                memset
 .text._vsnprintf_r
                0x0000000008003cfc       0x58 /Applications/Ac6/SystemWorkbench.app/Contents/Eclipse/plugins/fr.ac6.mcu.externaltools.arm-none.macos64_1.17.0.201812190825/tools/compiler/bin/../lib/gcc/arm-none-eabi/7.3.1/../../../../arm-none-eabi/lib/thumb/v7-m/libc_nano.a(lib_a-vsnprintf.o)
                0x0000000008003cfc                _vsnprintf_r
                0x0000000008003cfc                _vsniprintf_r
 .text.vsnprintf
                0x0000000008003d54       0x1c /Applications/Ac6/SystemWorkbench.app/Contents/Eclipse/plugins/fr.ac6.mcu.externaltools.arm-none.macos64_1.17.0.201812190825/tools/compiler/bin/../lib/gcc/arm-none-eabi/7.3.1/../../../../arm-none-eabi/lib/thumb/v7-m/libc_nano.a(lib_a-vsnprintf.o)
                0x0000000008003d54                vsnprintf
                0x0000000008003d54                vsniprintf
 .text.__ssputs_r
                0x0000000008003d70       0xb4 /Applications/Ac6/SystemWorkbench.app/Contents/Eclipse/plugins/fr.ac6.mcu.externaltools.arm-none.macos64_1.17.0.201812190825/tools/compiler/bin/../lib/gcc/arm-none-eabi/7.3.1/../../../../arm-none-eabi/lib/thumb/v7-m/libc_nano.a(lib_a-nano-svfprintf.o)
                0x0000000008003d70                __ssputs_r
 .text._svfprintf_r
                0x0000000008003e24      0x1f0 /Applications/Ac6/SystemWorkbench.app/Contents/Eclipse/plugins/fr.ac6.mcu.externaltools.arm-none.macos64_1.17.0.201812190825/tools/compiler/bin/../lib/gcc/arm-none-eabi/7.3.1/../../../../arm-none-eabi/lib/thumb/v7-m/libc_nano.a(lib_a-nano-svfprintf.o)
                0x0000000008003e24                _svfprintf_r
                0x0000000008003e24                _svfiprintf_r
 .text._printf_common
                0x0000000008004014       0xec /Applications/Ac6/SystemWorkbench.app/Contents/Eclipse/plugins/fr.ac6.mcu.externaltools.arm-none.macos64_1.17.0.201812190825/tools/compiler/bin/../lib/gcc/arm-none-eabi/7.3.1/../../../../arm-none-eabi/lib/thumb/v7-m/libc_nano.a(lib_a-nano-vfprintf_i.o)
                0x0000000008004014                _printf_common
 .text._printf_i
                0x0000000008004100      0x224 /Applications/Ac6/SystemWorkbench.app/Contents/Eclipse/plugins/fr.ac6.mcu.externaltools.arm-none.macos64_1.17.0.201812190825/tools/compiler/bin/../lib/gcc/arm-none-eabi/7.3.1/../../../../arm-none-eabi/lib/thumb/v7-m/libc_nano.a(lib_a-nano-vfprintf_i.o)
                0x0000000008004100                _printf_i
 .text.memchr   0x0000000008004324       0x1c /Applications/Ac6/SystemWorkbench.app/Contents/Eclipse/plugins/fr.ac6.mcu.externaltools.arm-none.macos64_1.17.0.201812190825/tools/compiler/bin/../lib/gcc/arm-none-eabi/7.3.1/../../../../arm-none-eabi/lib/thumb/v7-m/libc_nano.a(lib_a-memchr-stub.o)
                0x0000000008004324                memchr
 .text.memcpy   0x0000000008004340       0x16 /Applications/Ac6/SystemWorkbench.app/Contents/Eclipse/plugins/fr.ac6.mcu.externaltools.arm-none.macos64_1.17.0.201812190825/tools/compiler/bin/../lib/gcc/arm-none-eabi/7.3.1/../../../../arm-none-eabi/lib/thumb/v7-m/libc_nano.a(lib_a-memcpy-stub.o)
                0x0000000008004340                memcpy
 .text.memmove  0x0000000008004356       0x32 /Applications/Ac6/SystemWorkbench.app/Contents/Eclipse/plugins/fr.ac6.mcu.externaltools.arm-none.macos64_1.17.0.201812190825/tools/compiler/bin/../lib/gcc/arm-none-eabi/7.3.1/../../../../arm-none-eabi/lib/thumb/v7-m/libc_nano.a(lib_a-memmove.o)
                0x0000000008004356                memmove
 .text._free_r  0x0000000008004388       0x98 /Applications/Ac6/SystemWorkbench.app/Contents/Eclipse/plugins/fr.ac6.mcu.externaltools.arm-none.macos64_1.17.0.201812190825/tools/compiler/bin/../lib/gcc/arm-none-eabi/7.3.1/../../../../arm-none-eabi/lib/thumb/v7-m/libc_nano.a(lib_a-nano-freer.o)
                0x0000000008004388                _free_r
 .text._malloc_r
                0x0000000008004420       0xb4 /Applications/Ac6/SystemWorkbench.app/Contents/Eclipse/plugins/fr.ac6.mcu.externaltools.arm-none.macos64_1.17.0.201812190825/tools/compiler/bin/../lib/gcc/arm-none-eabi/7.3.1/../../../../arm-none-eabi/lib/thumb/v7-m/libc_nano.a(lib_a-nano-mallocr.o)
                0x0000000008004420                _malloc_r
 .text._realloc_r
                0x00000000080044d4       0x4c /Applications/Ac6/SystemWorkbench.app/Contents/Eclipse/plugins/fr.ac6.mcu.externaltools.arm-none.macos64_1.17.0.201812190825/tools/compiler/bin/../lib/gcc/arm-none-eabi/7.3.1/../../../../arm-none-eabi/lib/thumb/v7-m/libc_nano.a(lib_a-nano-reallocr.o)
                0x00000000080044d4                _realloc_r
 .text._sbrk_r  0x0000000008004520       0x20 /Applications/Ac6/SystemWorkbench.app/Contents/Eclipse/plugins/fr.ac6.mcu.externaltools.arm-none.macos64_1.17.0.201812190825/tools/compiler/bin/../lib/gcc/arm-none-eabi/7.3.1/../../../../arm-none-eabi/lib/thumb/v7-m/libc_nano.a(lib_a-sbrkr.o)
                0x0000000008004520                _sbrk_r
 .text.__malloc_lock
                0x0000000008004540        0x2 /Applications/Ac6/SystemWorkbench.app/Contents/Eclipse/plugins/fr.ac6.mcu.externaltools.arm-none.macos64_1.17.0.201812190825/tools/compiler/bin/../lib/gcc/arm-none-eabi/7.3.1/../../../../arm-none-eabi/lib/thumb/v7-m/libc_nano.a(lib_a-mlock.o)
                0x0000000008004540                __malloc_lock
 .text.__malloc_unlock
                0x0000000008004542        0x2 /Applications/Ac6/SystemWorkbench.app/Contents/Eclipse/plugins/fr.ac6.mcu.externaltools.arm-none.macos64_1.17.0.201812190825/tools/compiler/bin/../lib/gcc/arm-none-eabi/7.3.1/../../../../arm-none-eabi/lib/thumb/v7-m/libc_nano.a(lib_a-mlock.o)
                0x0000000008004542                __malloc_unlock
 .text._malloc_usable_size_r
                0x0000000008004544       0x10 /Applications/Ac6/SystemWorkbench.app/Contents/Eclipse/plugins/fr.ac6.mcu.externaltools.arm-none.macos64_1.17.0.201812190825/tools/compiler/bin/../lib/gcc/arm-none-eabi/7.3.1/../../../../arm-none-eabi/lib/thumb/v7-m/libc_nano.a(lib_a-nano-msizer.o)
                0x0000000008004544                _malloc_usable_size_r
 *(.glue_7)
 .glue_7        0x0000000008004554        0x0 linker stubs
 *(.glue_7t)
 .glue_7t       0x0000000008004554        0x0 linker stubs
 *(.eh_frame)
 .eh_frame      0x0000000008004554        0x0 /Applications/Ac6/SystemWorkbench.app/Contents/Eclipse/plugins/fr.ac6.mcu.externaltools.arm-none.macos64_1.17.0.201812190825/tools/compiler/bin/../lib/gcc/arm-none-eabi/7.3.1/thumb/v7-m/crtbegin.o
 *(.init)
 .init          0x0000000008004554        0x4 /Applications/Ac6/SystemWorkbench.app/Contents/Eclipse/plugins/fr.ac6.mcu.externaltools.arm-none.macos64_1.17.0.201812190825/tools/compiler/bin/../lib/gcc/arm-none-eabi/7.3.1/thumb/v7-m/crti.o
                0x0000000008004554                _init
 .init          0x0000000008004558        0x8 /Applications/Ac6/SystemWorkbench.app/Contents/Eclipse/plugins/fr.ac6.mcu.externaltools.arm-none.macos64_1.17.0.201812190825/tools/compiler/bin/../lib/gcc/arm-none-eabi/7.3.1/thumb/v7-m/crtn.o
 *(.fini)
 .fini          0x0000000008004560        0x4 /Applications/Ac6/SystemWorkbench.app/Contents/Eclipse/plugins/fr.ac6.mcu.externaltools.arm-none.macos64_1.17.0.201812190825/tools/compiler/bin/../lib/gcc/arm-none-eabi/7.3.1/thumb/v7-m/crti.o
                0x0000000008004560                _fini
 .fini          0x0000000008004564        0x8 /Applications/Ac6/SystemWorkbench.app/Contents/Eclipse/plugins/fr.ac6.mcu.externaltools.arm-none.macos64_1.17.0.201812190825/tools/compiler/bin/../lib/gcc/arm-none-eabi/7.3.1/thumb/v7-m/crtn.o
                0x000000000800456c                . = ALIGN (0x4)
                0x000000000800456c                _etext = .

.vfp11_veneer   0x000000000800456c        0x0
 .vfp11_veneer  0x000000000800456c        0x0 linker stubs

.v4_bx          0x000000000800456c        0x0
 .v4_bx         0x000000000800456c        0x0 linker stubs

.iplt           0x000000000800456c        0x0
 .iplt          0x000000000800456c        0x0 /Applications/Ac6/SystemWorkbench.app/Contents/Eclipse/plugins/fr.ac6.mcu.externaltools.arm-none.macos64_1.17.0.201812190825/tools/compiler/bin/../lib/gcc/arm-none-eabi/7.3.1/thumb/v7-m/crtbegin.o

.rodata         0x000000000800456c      0x348
                0x000000000800456c                . = ALIGN (0x4)
 *(.rodata)
 .rodata        0x000000000800456c       0x12 Drivers/STM32F1xx_HAL_Driver/Src/stm32f1xx_hal_rcc.o
 *fill*         0x000000000800457e        0x2 
 .rodata        0x0000000008004580       0x12 Drivers/STM32F1xx_HAL_Driver/Src/stm32f1xx_hal_rcc_ex.o
 *fill*         0x0000000008004592        0x2 
 .rodata        0x0000000008004594       0xae Middlewares/Third_Party/FatFs/src/ff.o
 *fill*         0x0000000008004642        0x2 
 .rodata        0x0000000008004644       0x18 Src/system_stm32f1xx.o
                0x0000000008004644                AHBPrescTable
                0x0000000008004654                APBPrescTable
 *(.rodata*)
 .rodata.str1.4
                0x000000000800465c       0x44 Middlewares/Third_Party/FatFs/src/ff.o
 .rodata.str1.4
                0x00000000080046a0      0x1e0 Src/main.o
                                        0x1e1 (size before relaxing)
 .rodata._svfprintf_r.str1.1
                0x0000000008004880       0x11 /Applications/Ac6/SystemWorkbench.app/Contents/Eclipse/plugins/fr.ac6.mcu.externaltools.arm-none.macos64_1.17.0.201812190825/tools/compiler/bin/../lib/gcc/arm-none-eabi/7.3.1/../../../../arm-none-eabi/lib/thumb/v7-m/libc_nano.a(lib_a-nano-svfprintf.o)
 .rodata._printf_i.str1.1
                0x0000000008004891       0x22 /Applications/Ac6/SystemWorkbench.app/Contents/Eclipse/plugins/fr.ac6.mcu.externaltools.arm-none.macos64_1.17.0.201812190825/tools/compiler/bin/../lib/gcc/arm-none-eabi/7.3.1/../../../../arm-none-eabi/lib/thumb/v7-m/libc_nano.a(lib_a-nano-vfprintf_i.o)
                0x00000000080048b4                . = ALIGN (0x4)
 *fill*         0x00000000080048b3        0x1 

.rel.dyn        0x00000000080048b4        0x0
 .rel.iplt      0x00000000080048b4        0x0 /Applications/Ac6/SystemWorkbench.app/Contents/Eclipse/plugins/fr.ac6.mcu.externaltools.arm-none.macos64_1.17.0.201812190825/tools/compiler/bin/../lib/gcc/arm-none-eabi/7.3.1/thumb/v7-m/crtbegin.o

.ARM.extab
 *(.ARM.extab* .gnu.linkonce.armextab.*)

.ARM            0x00000000080048b4        0x0
                0x00000000080048b4                __exidx_start = .
 *(.ARM.exidx*)
                0x00000000080048b4                __exidx_end = .

.preinit_array  0x00000000080048b4        0x0
                0x00000000080048b4                PROVIDE (__preinit_array_start = .)
 *(.preinit_array*)
                0x00000000080048b4                PROVIDE (__preinit_array_end = .)

.init_array     0x00000000080048b4        0x4
                0x00000000080048b4                PROVIDE (__init_array_start = .)
 *(SORT_BY_NAME(.init_array.*))
 *(.init_array*)
 .init_array    0x00000000080048b4        0x4 /Applications/Ac6/SystemWorkbench.app/Contents/Eclipse/plugins/fr.ac6.mcu.externaltools.arm-none.macos64_1.17.0.201812190825/tools/compiler/bin/../lib/gcc/arm-none-eabi/7.3.1/thumb/v7-m/crtbegin.o
                0x00000000080048b8                PROVIDE (__init_array_end = .)

.fini_array     0x00000000080048b8        0x4
                [!provide]                        PROVIDE (__fini_array_start = .)
 *(SORT_BY_NAME(.fini_array.*))
 *(.fini_array*)
 .fini_array    0x00000000080048b8        0x4 /Applications/Ac6/SystemWorkbench.app/Contents/Eclipse/plugins/fr.ac6.mcu.externaltools.arm-none.macos64_1.17.0.201812190825/tools/compiler/bin/../lib/gcc/arm-none-eabi/7.3.1/thumb/v7-m/crtbegin.o
                [!provide]                        PROVIDE (__fini_array_end = .)
                0x00000000080048bc                _sidata = LOADADDR (.data)

.data           0x0000000020000000       0x88 load address 0x00000000080048bc
                0x0000000020000000                . = ALIGN (0x4)
                0x0000000020000000                _sdata = .
 *(.data)
 .data          0x0000000020000000        0x8 Drivers/STM32F1xx_HAL_Driver/Src/stm32f1xx_hal.o
                0x0000000020000000                uwTickFreq
                0x0000000020000004                uwTickPrio
 .data          0x0000000020000008        0x4 Src/system_stm32f1xx.o
                0x0000000020000008                SystemCoreClock
 .data          0x000000002000000c       0x15 Src/user_diskio.o
                0x000000002000000c                USER_Driver
 .data          0x0000000020000021        0x1 Src/user_diskio_spi.o
 *(.data*)
 *fill*         0x0000000020000022        0x2 
 .data._impure_ptr
                0x0000000020000024        0x4 /Applications/Ac6/SystemWorkbench.app/Contents/Eclipse/plugins/fr.ac6.mcu.externaltools.arm-none.macos64_1.17.0.201812190825/tools/compiler/bin/../lib/gcc/arm-none-eabi/7.3.1/../../../../arm-none-eabi/lib/thumb/v7-m/libc_nano.a(lib_a-impure.o)
                0x0000000020000024                _impure_ptr
 .data.impure_data
                0x0000000020000028       0x60 /Applications/Ac6/SystemWorkbench.app/Contents/Eclipse/plugins/fr.ac6.mcu.externaltools.arm-none.macos64_1.17.0.201812190825/tools/compiler/bin/../lib/gcc/arm-none-eabi/7.3.1/../../../../arm-none-eabi/lib/thumb/v7-m/libc_nano.a(lib_a-impure.o)
                0x0000000020000088                . = ALIGN (0x4)
                0x0000000020000088                _edata = .

.igot.plt       0x0000000020000088        0x0 load address 0x0000000008004944
 .igot.plt      0x0000000020000088        0x0 /Applications/Ac6/SystemWorkbench.app/Contents/Eclipse/plugins/fr.ac6.mcu.externaltools.arm-none.macos64_1.17.0.201812190825/tools/compiler/bin/../lib/gcc/arm-none-eabi/7.3.1/thumb/v7-m/crtbegin.o
                0x0000000020000088                . = ALIGN (0x4)

.bss            0x0000000020000088      0x5e0 load address 0x0000000008004944
                0x0000000020000088                _sbss = .
                0x0000000020000088                __bss_start__ = _sbss
 *(.bss)
 .bss           0x0000000020000088       0x1c /Applications/Ac6/SystemWorkbench.app/Contents/Eclipse/plugins/fr.ac6.mcu.externaltools.arm-none.macos64_1.17.0.201812190825/tools/compiler/bin/../lib/gcc/arm-none-eabi/7.3.1/thumb/v7-m/crtbegin.o
 .bss           0x00000000200000a4       0x1e Middlewares/Third_Party/FatFs/src/ff.o
 *fill*         0x00000000200000c2        0x2 
 .bss           0x00000000200000c4        0xc Middlewares/Third_Party/FatFs/src/ff_gen_drv.o
                0x00000000200000c4                disk
 .bss           0x00000000200000d0        0x8 Src/syscalls.o
                0x00000000200000d4                __env
 .bss           0x00000000200000d8        0x1 Src/user_diskio_spi.o
 *(.bss*)
 *fill*         0x00000000200000d9        0x3 
 .bss.__malloc_free_list
                0x00000000200000dc        0x4 /Applications/Ac6/SystemWorkbench.app/Contents/Eclipse/plugins/fr.ac6.mcu.externaltools.arm-none.macos64_1.17.0.201812190825/tools/compiler/bin/../lib/gcc/arm-none-eabi/7.3.1/../../../../arm-none-eabi/lib/thumb/v7-m/libc_nano.a(lib_a-nano-mallocr.o)
                0x00000000200000dc                __malloc_free_list
 .bss.__malloc_sbrk_start
                0x00000000200000e0        0x4 /Applications/Ac6/SystemWorkbench.app/Contents/Eclipse/plugins/fr.ac6.mcu.externaltools.arm-none.macos64_1.17.0.201812190825/tools/compiler/bin/../lib/gcc/arm-none-eabi/7.3.1/../../../../arm-none-eabi/lib/thumb/v7-m/libc_nano.a(lib_a-nano-mallocr.o)
                0x00000000200000e0                __malloc_sbrk_start
 *(COMMON)
 COMMON         0x00000000200000e4        0x4 Drivers/STM32F1xx_HAL_Driver/Src/stm32f1xx_hal.o
                0x00000000200000e4                uwTick
 COMMON         0x00000000200000e8      0x464 Src/fatfs.o
                0x00000000200000e8                USERPath
                0x00000000200000ec                retUSER
                0x00000000200000f0                USERFile
                0x000000002000031c                USERFatFS
 COMMON         0x000000002000054c      0x110 Src/main.o
                0x000000002000054c                hspi2
                0x00000000200005a4                huart1
                0x00000000200005e4                buffer
                0x0000000020000648                hrtc
 COMMON         0x000000002000065c        0x8 Src/user_diskio_spi.o
                0x000000002000065c                spiTimerTickStart
                0x0000000020000660                spiTimerTickDelay
 COMMON         0x0000000020000664        0x4 /Applications/Ac6/SystemWorkbench.app/Contents/Eclipse/plugins/fr.ac6.mcu.externaltools.arm-none.macos64_1.17.0.201812190825/tools/compiler/bin/../lib/gcc/arm-none-eabi/7.3.1/../../../../arm-none-eabi/lib/thumb/v7-m/libc_nano.a(lib_a-reent.o)
                0x0000000020000664                errno
                0x0000000020000668                . = ALIGN (0x4)
                0x0000000020000668                _ebss = .
                0x0000000020000668                __bss_end__ = _ebss

._user_heap_stack
                0x0000000020000668      0x600 load address 0x0000000008004944
                0x0000000020000668                . = ALIGN (0x8)
                0x0000000020000668                PROVIDE (end = .)
                [!provide]                        PROVIDE (_end = .)
                0x0000000020000868                . = (. + _Min_Heap_Size)
 *fill*         0x0000000020000668      0x200 
                0x0000000020000c68                . = (. + _Min_Stack_Size)
 *fill*         0x0000000020000868      0x400 
                0x0000000020000c68                . = ALIGN (0x8)

/DISCARD/
 libc.a(*)
 libm.a(*)
 libgcc.a(*)

.ARM.attributes
                0x0000000000000000       0x29
 *(.ARM.attributes)
 .ARM.attributes
                0x0000000000000000       0x1d /Applications/Ac6/SystemWorkbench.app/Contents/Eclipse/plugins/fr.ac6.mcu.externaltools.arm-none.macos64_1.17.0.201812190825/tools/compiler/bin/../lib/gcc/arm-none-eabi/7.3.1/thumb/v7-m/crti.o
 .ARM.attributes
                0x000000000000001d       0x2d /Applications/Ac6/SystemWorkbench.app/Contents/Eclipse/plugins/fr.ac6.mcu.externaltools.arm-none.macos64_1.17.0.201812190825/tools/compiler/bin/../lib/gcc/arm-none-eabi/7.3.1/thumb/v7-m/crtbegin.o
 .ARM.attributes
                0x000000000000004a       0x33 Drivers/STM32F1xx_HAL_Driver/Src/stm32f1xx_hal.o
 .ARM.attributes
                0x000000000000007d       0x33 Drivers/STM32F1xx_HAL_Driver/Src/stm32f1xx_hal_cortex.o
 .ARM.attributes
                0x00000000000000b0       0x33 Drivers/STM32F1xx_HAL_Driver/Src/stm32f1xx_hal_gpio.o
 .ARM.attributes
                0x00000000000000e3       0x33 Drivers/STM32F1xx_HAL_Driver/Src/stm32f1xx_hal_pwr.o
 .ARM.attributes
                0x0000000000000116       0x33 Drivers/STM32F1xx_HAL_Driver/Src/stm32f1xx_hal_rcc.o
 .ARM.attributes
                0x0000000000000149       0x33 Drivers/STM32F1xx_HAL_Driver/Src/stm32f1xx_hal_rcc_ex.o
 .ARM.attributes
                0x000000000000017c       0x33 Drivers/STM32F1xx_HAL_Driver/Src/stm32f1xx_hal_rtc.o
 .ARM.attributes
                0x00000000000001af       0x33 Drivers/STM32F1xx_HAL_Driver/Src/stm32f1xx_hal_spi.o
 .ARM.attributes
                0x00000000000001e2       0x33 Drivers/STM32F1xx_HAL_Driver/Src/stm32f1xx_hal_spi_ex.o
 .ARM.attributes
                0x0000000000000215       0x33 Drivers/STM32F1xx_HAL_Driver/Src/stm32f1xx_hal_uart.o
 .ARM.attributes
                0x0000000000000248       0x33 Middlewares/Third_Party/FatFs/src/diskio.o
 .ARM.attributes
                0x000000000000027b       0x33 Middlewares/Third_Party/FatFs/src/ff.o
 .ARM.attributes
                0x00000000000002ae       0x33 Middlewares/Third_Party/FatFs/src/ff_gen_drv.o
 .ARM.attributes
                0x00000000000002e1       0x33 Src/fatfs.o
 .ARM.attributes
                0x0000000000000314       0x33 Src/main.o
 .ARM.attributes
                0x0000000000000347       0x33 Src/stm32f1xx_hal_msp.o
 .ARM.attributes
                0x000000000000037a       0x33 Src/stm32f1xx_it.o
 .ARM.attributes
                0x00000000000003ad       0x33 Src/syscalls.o
 .ARM.attributes
                0x00000000000003e0       0x33 Src/system_stm32f1xx.o
 .ARM.attributes
                0x0000000000000413       0x33 Src/user_diskio.o
 .ARM.attributes
                0x0000000000000446       0x33 Src/user_diskio_spi.o
 .ARM.attributes
                0x0000000000000479       0x21 startup/startup_stm32f103xb.o
 .ARM.attributes
                0x000000000000049a       0x2d /Applications/Ac6/SystemWorkbench.app/Contents/Eclipse/plugins/fr.ac6.mcu.externaltools.arm-none.macos64_1.17.0.201812190825/tools/compiler/bin/../lib/gcc/arm-none-eabi/7.3.1/../../../../arm-none-eabi/lib/thumb/v7-m/libc_nano.a(lib_a-errno.o)
 .ARM.attributes
                0x00000000000004c7       0x2d /Applications/Ac6/SystemWorkbench.app/Contents/Eclipse/plugins/fr.ac6.mcu.externaltools.arm-none.macos64_1.17.0.201812190825/tools/compiler/bin/../lib/gcc/arm-none-eabi/7.3.1/../../../../arm-none-eabi/lib/thumb/v7-m/libc_nano.a(lib_a-impure.o)
 .ARM.attributes
                0x00000000000004f4       0x2d /Applications/Ac6/SystemWorkbench.app/Contents/Eclipse/plugins/fr.ac6.mcu.externaltools.arm-none.macos64_1.17.0.201812190825/tools/compiler/bin/../lib/gcc/arm-none-eabi/7.3.1/../../../../arm-none-eabi/lib/thumb/v7-m/libc_nano.a(lib_a-init.o)
 .ARM.attributes
                0x0000000000000521       0x2d /Applications/Ac6/SystemWorkbench.app/Contents/Eclipse/plugins/fr.ac6.mcu.externaltools.arm-none.macos64_1.17.0.201812190825/tools/compiler/bin/../lib/gcc/arm-none-eabi/7.3.1/../../../../arm-none-eabi/lib/thumb/v7-m/libc_nano.a(lib_a-memset.o)
 .ARM.attributes
                0x000000000000054e       0x17 /Applications/Ac6/SystemWorkbench.app/Contents/Eclipse/plugins/fr.ac6.mcu.externaltools.arm-none.macos64_1.17.0.201812190825/tools/compiler/bin/../lib/gcc/arm-none-eabi/7.3.1/../../../../arm-none-eabi/lib/thumb/v7-m/libc_nano.a(lib_a-strlen.o)
 .ARM.attributes
                0x0000000000000565       0x2d /Applications/Ac6/SystemWorkbench.app/Contents/Eclipse/plugins/fr.ac6.mcu.externaltools.arm-none.macos64_1.17.0.201812190825/tools/compiler/bin/../lib/gcc/arm-none-eabi/7.3.1/../../../../arm-none-eabi/lib/thumb/v7-m/libc_nano.a(lib_a-vsnprintf.o)
 .ARM.attributes
                0x0000000000000592       0x2d /Applications/Ac6/SystemWorkbench.app/Contents/Eclipse/plugins/fr.ac6.mcu.externaltools.arm-none.macos64_1.17.0.201812190825/tools/compiler/bin/../lib/gcc/arm-none-eabi/7.3.1/../../../../arm-none-eabi/lib/thumb/v7-m/libc_nano.a(lib_a-nano-svfprintf.o)
 .ARM.attributes
                0x00000000000005bf       0x2d /Applications/Ac6/SystemWorkbench.app/Contents/Eclipse/plugins/fr.ac6.mcu.externaltools.arm-none.macos64_1.17.0.201812190825/tools/compiler/bin/../lib/gcc/arm-none-eabi/7.3.1/../../../../arm-none-eabi/lib/thumb/v7-m/libc_nano.a(lib_a-nano-vfprintf_i.o)
 .ARM.attributes
                0x00000000000005ec       0x2d /Applications/Ac6/SystemWorkbench.app/Contents/Eclipse/plugins/fr.ac6.mcu.externaltools.arm-none.macos64_1.17.0.201812190825/tools/compiler/bin/../lib/gcc/arm-none-eabi/7.3.1/../../../../arm-none-eabi/lib/thumb/v7-m/libc_nano.a(lib_a-memchr-stub.o)
 .ARM.attributes
                0x0000000000000619       0x2d /Applications/Ac6/SystemWorkbench.app/Contents/Eclipse/plugins/fr.ac6.mcu.externaltools.arm-none.macos64_1.17.0.201812190825/tools/compiler/bin/../lib/gcc/arm-none-eabi/7.3.1/../../../../arm-none-eabi/lib/thumb/v7-m/libc_nano.a(lib_a-memcpy-stub.o)
 .ARM.attributes
                0x0000000000000646       0x2d /Applications/Ac6/SystemWorkbench.app/Contents/Eclipse/plugins/fr.ac6.mcu.externaltools.arm-none.macos64_1.17.0.201812190825/tools/compiler/bin/../lib/gcc/arm-none-eabi/7.3.1/../../../../arm-none-eabi/lib/thumb/v7-m/libc_nano.a(lib_a-memmove.o)
 .ARM.attributes
                0x0000000000000673       0x2d /Applications/Ac6/SystemWorkbench.app/Contents/Eclipse/plugins/fr.ac6.mcu.externaltools.arm-none.macos64_1.17.0.201812190825/tools/compiler/bin/../lib/gcc/arm-none-eabi/7.3.1/../../../../arm-none-eabi/lib/thumb/v7-m/libc_nano.a(lib_a-nano-freer.o)
 .ARM.attributes
                0x00000000000006a0       0x2d /Applications/Ac6/SystemWorkbench.app/Contents/Eclipse/plugins/fr.ac6.mcu.externaltools.arm-none.macos64_1.17.0.201812190825/tools/compiler/bin/../lib/gcc/arm-none-eabi/7.3.1/../../../../arm-none-eabi/lib/thumb/v7-m/libc_nano.a(lib_a-nano-mallocr.o)
 .ARM.attributes
                0x00000000000006cd       0x2d /Applications/Ac6/SystemWorkbench.app/Contents/Eclipse/plugins/fr.ac6.mcu.externaltools.arm-none.macos64_1.17.0.201812190825/tools/compiler/bin/../lib/gcc/arm-none-eabi/7.3.1/../../../../arm-none-eabi/lib/thumb/v7-m/libc_nano.a(lib_a-nano-reallocr.o)
 .ARM.attributes
                0x00000000000006fa       0x2d /Applications/Ac6/SystemWorkbench.app/Contents/Eclipse/plugins/fr.ac6.mcu.externaltools.arm-none.macos64_1.17.0.201812190825/tools/compiler/bin/../lib/gcc/arm-none-eabi/7.3.1/../../../../arm-none-eabi/lib/thumb/v7-m/libc_nano.a(lib_a-sbrkr.o)
 .ARM.attributes
                0x0000000000000727       0x2d /Applications/Ac6/SystemWorkbench.app/Contents/Eclipse/plugins/fr.ac6.mcu.externaltools.arm-none.macos64_1.17.0.201812190825/tools/compiler/bin/../lib/gcc/arm-none-eabi/7.3.1/../../../../arm-none-eabi/lib/thumb/v7-m/libc_nano.a(lib_a-mlock.o)
 .ARM.attributes
                0x0000000000000754       0x2d /Applications/Ac6/SystemWorkbench.app/Contents/Eclipse/plugins/fr.ac6.mcu.externaltools.arm-none.macos64_1.17.0.201812190825/tools/compiler/bin/../lib/gcc/arm-none-eabi/7.3.1/../../../../arm-none-eabi/lib/thumb/v7-m/libc_nano.a(lib_a-nano-msizer.o)
 .ARM.attributes
                0x0000000000000781       0x2d /Applications/Ac6/SystemWorkbench.app/Contents/Eclipse/plugins/fr.ac6.mcu.externaltools.arm-none.macos64_1.17.0.201812190825/tools/compiler/bin/../lib/gcc/arm-none-eabi/7.3.1/../../../../arm-none-eabi/lib/thumb/v7-m/libc_nano.a(lib_a-reent.o)
 .ARM.attributes
                0x00000000000007ae       0x1d /Applications/Ac6/SystemWorkbench.app/Contents/Eclipse/plugins/fr.ac6.mcu.externaltools.arm-none.macos64_1.17.0.201812190825/tools/compiler/bin/../lib/gcc/arm-none-eabi/7.3.1/thumb/v7-m/crtn.o
OUTPUT(Moto_sd.elf elf32-littlearm)

.debug_info     0x0000000000000000    0x1b69e
 .debug_info    0x0000000000000000      0xfb4 Drivers/STM32F1xx_HAL_Driver/Src/stm32f1xx_hal.o
 .debug_info    0x0000000000000fb4     0x14bc Drivers/STM32F1xx_HAL_Driver/Src/stm32f1xx_hal_cortex.o
 .debug_info    0x0000000000002470      0xece Drivers/STM32F1xx_HAL_Driver/Src/stm32f1xx_hal_gpio.o
 .debug_info    0x000000000000333e      0xfaa Drivers/STM32F1xx_HAL_Driver/Src/stm32f1xx_hal_pwr.o
 .debug_info    0x00000000000042e8     0x1236 Drivers/STM32F1xx_HAL_Driver/Src/stm32f1xx_hal_rcc.o
 .debug_info    0x000000000000551e      0xcae Drivers/STM32F1xx_HAL_Driver/Src/stm32f1xx_hal_rcc_ex.o
 .debug_info    0x00000000000061cc     0x19de Drivers/STM32F1xx_HAL_Driver/Src/stm32f1xx_hal_rtc.o
 .debug_info    0x0000000000007baa     0x21a1 Drivers/STM32F1xx_HAL_Driver/Src/stm32f1xx_hal_spi.o
 .debug_info    0x0000000000009d4b      0xe79 Drivers/STM32F1xx_HAL_Driver/Src/stm32f1xx_hal_spi_ex.o
 .debug_info    0x000000000000abc4     0x1ec2 Drivers/STM32F1xx_HAL_Driver/Src/stm32f1xx_hal_uart.o
 .debug_info    0x000000000000ca86      0xd22 Middlewares/Third_Party/FatFs/src/diskio.o
 .debug_info    0x000000000000d7a8     0x3e28 Middlewares/Third_Party/FatFs/src/ff.o
 .debug_info    0x00000000000115d0      0xca1 Middlewares/Third_Party/FatFs/src/ff_gen_drv.o
 .debug_info    0x0000000000012271      0xdc2 Src/fatfs.o
 .debug_info    0x0000000000013033     0x2279 Src/main.o
 .debug_info    0x00000000000152ac     0x1611 Src/stm32f1xx_hal_msp.o
 .debug_info    0x00000000000168bd      0xa7e Src/stm32f1xx_it.o
 .debug_info    0x000000000001733b      0xfd3 Src/syscalls.o
 .debug_info    0x000000000001830e      0xc5c Src/system_stm32f1xx.o
 .debug_info    0x0000000000018f6a      0xcc7 Src/user_diskio.o
 .debug_info    0x0000000000019c31     0x1a4b Src/user_diskio_spi.o
 .debug_info    0x000000000001b67c       0x22 startup/startup_stm32f103xb.o

.debug_abbrev   0x0000000000000000     0x3a8a
 .debug_abbrev  0x0000000000000000      0x301 Drivers/STM32F1xx_HAL_Driver/Src/stm32f1xx_hal.o
 .debug_abbrev  0x0000000000000301      0x3cd Drivers/STM32F1xx_HAL_Driver/Src/stm32f1xx_hal_cortex.o
 .debug_abbrev  0x00000000000006ce      0x2a7 Drivers/STM32F1xx_HAL_Driver/Src/stm32f1xx_hal_gpio.o
 .debug_abbrev  0x0000000000000975      0x2c7 Drivers/STM32F1xx_HAL_Driver/Src/stm32f1xx_hal_pwr.o
 .debug_abbrev  0x0000000000000c3c      0x335 Drivers/STM32F1xx_HAL_Driver/Src/stm32f1xx_hal_rcc.o
 .debug_abbrev  0x0000000000000f71      0x2b4 Drivers/STM32F1xx_HAL_Driver/Src/stm32f1xx_hal_rcc_ex.o
 .debug_abbrev  0x0000000000001225      0x2f8 Drivers/STM32F1xx_HAL_Driver/Src/stm32f1xx_hal_rtc.o
 .debug_abbrev  0x000000000000151d      0x2e1 Drivers/STM32F1xx_HAL_Driver/Src/stm32f1xx_hal_spi.o
 .debug_abbrev  0x00000000000017fe      0x209 Drivers/STM32F1xx_HAL_Driver/Src/stm32f1xx_hal_spi_ex.o
 .debug_abbrev  0x0000000000001a07      0x308 Drivers/STM32F1xx_HAL_Driver/Src/stm32f1xx_hal_uart.o
 .debug_abbrev  0x0000000000001d0f      0x282 Middlewares/Third_Party/FatFs/src/diskio.o
 .debug_abbrev  0x0000000000001f91      0x329 Middlewares/Third_Party/FatFs/src/ff.o
 .debug_abbrev  0x00000000000022ba      0x276 Middlewares/Third_Party/FatFs/src/ff_gen_drv.o
 .debug_abbrev  0x0000000000002530      0x268 Src/fatfs.o
 .debug_abbrev  0x0000000000002798      0x3ae Src/main.o
 .debug_abbrev  0x0000000000002b46      0x26e Src/stm32f1xx_hal_msp.o
 .debug_abbrev  0x0000000000002db4      0x229 Src/stm32f1xx_it.o
 .debug_abbrev  0x0000000000002fdd      0x2d4 Src/syscalls.o
 .debug_abbrev  0x00000000000032b1      0x228 Src/system_stm32f1xx.o
 .debug_abbrev  0x00000000000034d9      0x240 Src/user_diskio.o
 .debug_abbrev  0x0000000000003719      0x35f Src/user_diskio_spi.o
 .debug_abbrev  0x0000000000003a78       0x12 startup/startup_stm32f103xb.o

.debug_loc      0x0000000000000000     0xb056
 .debug_loc     0x0000000000000000       0xfd Drivers/STM32F1xx_HAL_Driver/Src/stm32f1xx_hal.o
 .debug_loc     0x00000000000000fd      0x5ad Drivers/STM32F1xx_HAL_Driver/Src/stm32f1xx_hal_cortex.o
 .debug_loc     0x00000000000006aa      0x44e Drivers/STM32F1xx_HAL_Driver/Src/stm32f1xx_hal_gpio.o
 .debug_loc     0x0000000000000af8       0xb5 Drivers/STM32F1xx_HAL_Driver/Src/stm32f1xx_hal_pwr.o
 .debug_loc     0x0000000000000bad      0x4f6 Drivers/STM32F1xx_HAL_Driver/Src/stm32f1xx_hal_rcc.o
 .debug_loc     0x00000000000010a3      0x2d0 Drivers/STM32F1xx_HAL_Driver/Src/stm32f1xx_hal_rcc_ex.o
 .debug_loc     0x0000000000001373     0x145f Drivers/STM32F1xx_HAL_Driver/Src/stm32f1xx_hal_rtc.o
 .debug_loc     0x00000000000027d2     0x1958 Drivers/STM32F1xx_HAL_Driver/Src/stm32f1xx_hal_spi.o
 .debug_loc     0x000000000000412a       0x4d Drivers/STM32F1xx_HAL_Driver/Src/stm32f1xx_hal_spi_ex.o
 .debug_loc     0x0000000000004177     0x1529 Drivers/STM32F1xx_HAL_Driver/Src/stm32f1xx_hal_uart.o
 .debug_loc     0x00000000000056a0      0x1f1 Middlewares/Third_Party/FatFs/src/diskio.o
 .debug_loc     0x0000000000005891     0x43c8 Middlewares/Third_Party/FatFs/src/ff.o
 .debug_loc     0x0000000000009c59      0x233 Middlewares/Third_Party/FatFs/src/ff_gen_drv.o
 .debug_loc     0x0000000000009e8c      0x123 Src/main.o
 .debug_loc     0x0000000000009faf      0x109 Src/stm32f1xx_hal_msp.o
 .debug_loc     0x000000000000a0b8      0x3af Src/syscalls.o
 .debug_loc     0x000000000000a467       0xdf Src/system_stm32f1xx.o
 .debug_loc     0x000000000000a546      0x1ad Src/user_diskio.o
 .debug_loc     0x000000000000a6f3      0x963 Src/user_diskio_spi.o

.debug_aranges  0x0000000000000000      0xd58
 .debug_aranges
                0x0000000000000000       0xd0 Drivers/STM32F1xx_HAL_Driver/Src/stm32f1xx_hal.o
 .debug_aranges
                0x00000000000000d0       0x90 Drivers/STM32F1xx_HAL_Driver/Src/stm32f1xx_hal_cortex.o
 .debug_aranges
                0x0000000000000160       0x58 Drivers/STM32F1xx_HAL_Driver/Src/stm32f1xx_hal_gpio.o
 .debug_aranges
                0x00000000000001b8       0xa8 Drivers/STM32F1xx_HAL_Driver/Src/stm32f1xx_hal_pwr.o
 .debug_aranges
                0x0000000000000260       0x90 Drivers/STM32F1xx_HAL_Driver/Src/stm32f1xx_hal_rcc.o
 .debug_aranges
                0x00000000000002f0       0x30 Drivers/STM32F1xx_HAL_Driver/Src/stm32f1xx_hal_rcc_ex.o
 .debug_aranges
                0x0000000000000320       0xf8 Drivers/STM32F1xx_HAL_Driver/Src/stm32f1xx_hal_rtc.o
 .debug_aranges
                0x0000000000000418      0x1d0 Drivers/STM32F1xx_HAL_Driver/Src/stm32f1xx_hal_spi.o
 .debug_aranges
                0x00000000000005e8       0x20 Drivers/STM32F1xx_HAL_Driver/Src/stm32f1xx_hal_spi_ex.o
 .debug_aranges
                0x0000000000000608      0x1d0 Drivers/STM32F1xx_HAL_Driver/Src/stm32f1xx_hal_uart.o
 .debug_aranges
                0x00000000000007d8       0x48 Middlewares/Third_Party/FatFs/src/diskio.o
 .debug_aranges
                0x0000000000000820      0x1e8 Middlewares/Third_Party/FatFs/src/ff.o
 .debug_aranges
                0x0000000000000a08       0x40 Middlewares/Third_Party/FatFs/src/ff_gen_drv.o
 .debug_aranges
                0x0000000000000a48       0x28 Src/fatfs.o
 .debug_aranges
                0x0000000000000a70       0x58 Src/main.o
 .debug_aranges
                0x0000000000000ac8       0x50 Src/stm32f1xx_hal_msp.o
 .debug_aranges
                0x0000000000000b18       0x68 Src/stm32f1xx_it.o
 .debug_aranges
                0x0000000000000b80       0xb0 Src/syscalls.o
 .debug_aranges
                0x0000000000000c30       0x28 Src/system_stm32f1xx.o
 .debug_aranges
                0x0000000000000c58       0x40 Src/user_diskio.o
 .debug_aranges
                0x0000000000000c98       0x98 Src/user_diskio_spi.o
 .debug_aranges
                0x0000000000000d30       0x28 startup/startup_stm32f103xb.o

.debug_ranges   0x0000000000000000      0xc98
 .debug_ranges  0x0000000000000000       0xc0 Drivers/STM32F1xx_HAL_Driver/Src/stm32f1xx_hal.o
 .debug_ranges  0x00000000000000c0       0xe0 Drivers/STM32F1xx_HAL_Driver/Src/stm32f1xx_hal_cortex.o
 .debug_ranges  0x00000000000001a0       0x48 Drivers/STM32F1xx_HAL_Driver/Src/stm32f1xx_hal_gpio.o
 .debug_ranges  0x00000000000001e8       0x98 Drivers/STM32F1xx_HAL_Driver/Src/stm32f1xx_hal_pwr.o
 .debug_ranges  0x0000000000000280       0xa0 Drivers/STM32F1xx_HAL_Driver/Src/stm32f1xx_hal_rcc.o
 .debug_ranges  0x0000000000000320       0x38 Drivers/STM32F1xx_HAL_Driver/Src/stm32f1xx_hal_rcc_ex.o
 .debug_ranges  0x0000000000000358       0xe8 Drivers/STM32F1xx_HAL_Driver/Src/stm32f1xx_hal_rtc.o
 .debug_ranges  0x0000000000000440      0x1c0 Drivers/STM32F1xx_HAL_Driver/Src/stm32f1xx_hal_spi.o
 .debug_ranges  0x0000000000000600       0x10 Drivers/STM32F1xx_HAL_Driver/Src/stm32f1xx_hal_spi_ex.o
 .debug_ranges  0x0000000000000610      0x1c0 Drivers/STM32F1xx_HAL_Driver/Src/stm32f1xx_hal_uart.o
 .debug_ranges  0x00000000000007d0       0x38 Middlewares/Third_Party/FatFs/src/diskio.o
 .debug_ranges  0x0000000000000808      0x1d8 Middlewares/Third_Party/FatFs/src/ff.o
 .debug_ranges  0x00000000000009e0       0x30 Middlewares/Third_Party/FatFs/src/ff_gen_drv.o
 .debug_ranges  0x0000000000000a10       0x18 Src/fatfs.o
 .debug_ranges  0x0000000000000a28       0x48 Src/main.o
 .debug_ranges  0x0000000000000a70       0x40 Src/stm32f1xx_hal_msp.o
 .debug_ranges  0x0000000000000ab0       0x58 Src/stm32f1xx_it.o
 .debug_ranges  0x0000000000000b08       0xa0 Src/syscalls.o
 .debug_ranges  0x0000000000000ba8       0x18 Src/system_stm32f1xx.o
 .debug_ranges  0x0000000000000bc0       0x30 Src/user_diskio.o
 .debug_ranges  0x0000000000000bf0       0x88 Src/user_diskio_spi.o
 .debug_ranges  0x0000000000000c78       0x20 startup/startup_stm32f103xb.o

.debug_macro    0x0000000000000000    0x17d64
 .debug_macro   0x0000000000000000      0x312 Drivers/STM32F1xx_HAL_Driver/Src/stm32f1xx_hal.o
 .debug_macro   0x0000000000000312      0xa60 Drivers/STM32F1xx_HAL_Driver/Src/stm32f1xx_hal.o
 .debug_macro   0x0000000000000d72      0x175 Drivers/STM32F1xx_HAL_Driver/Src/stm32f1xx_hal.o
 .debug_macro   0x0000000000000ee7       0x2e Drivers/STM32F1xx_HAL_Driver/Src/stm32f1xx_hal.o
 .debug_macro   0x0000000000000f15       0x22 Drivers/STM32F1xx_HAL_Driver/Src/stm32f1xx_hal.o
 .debug_macro   0x0000000000000f37       0x22 Drivers/STM32F1xx_HAL_Driver/Src/stm32f1xx_hal.o
 .debug_macro   0x0000000000000f59       0x8e Drivers/STM32F1xx_HAL_Driver/Src/stm32f1xx_hal.o
 .debug_macro   0x0000000000000fe7       0x51 Drivers/STM32F1xx_HAL_Driver/Src/stm32f1xx_hal.o
 .debug_macro   0x0000000000001038       0xef Drivers/STM32F1xx_HAL_Driver/Src/stm32f1xx_hal.o
 .debug_macro   0x0000000000001127       0x6a Drivers/STM32F1xx_HAL_Driver/Src/stm32f1xx_hal.o
 .debug_macro   0x0000000000001191      0x1df Drivers/STM32F1xx_HAL_Driver/Src/stm32f1xx_hal.o
 .debug_macro   0x0000000000001370       0x34 Drivers/STM32F1xx_HAL_Driver/Src/stm32f1xx_hal.o
 .debug_macro   0x00000000000013a4       0x34 Drivers/STM32F1xx_HAL_Driver/Src/stm32f1xx_hal.o
 .debug_macro   0x00000000000013d8      0xb8e Drivers/STM32F1xx_HAL_Driver/Src/stm32f1xx_hal.o
 .debug_macro   0x0000000000001f66     0xe911 Drivers/STM32F1xx_HAL_Driver/Src/stm32f1xx_hal.o
 .debug_macro   0x0000000000010877       0x43 Drivers/STM32F1xx_HAL_Driver/Src/stm32f1xx_hal.o
 .debug_macro   0x00000000000108ba       0x5e Drivers/STM32F1xx_HAL_Driver/Src/stm32f1xx_hal.o
 .debug_macro   0x0000000000010918       0x18 Drivers/STM32F1xx_HAL_Driver/Src/stm32f1xx_hal.o
 .debug_macro   0x0000000000010930       0x35 Drivers/STM32F1xx_HAL_Driver/Src/stm32f1xx_hal.o
 .debug_macro   0x0000000000010965       0x34 Drivers/STM32F1xx_HAL_Driver/Src/stm32f1xx_hal.o
 .debug_macro   0x0000000000010999       0x16 Drivers/STM32F1xx_HAL_Driver/Src/stm32f1xx_hal.o
 .debug_macro   0x00000000000109af       0x97 Drivers/STM32F1xx_HAL_Driver/Src/stm32f1xx_hal.o
 .debug_macro   0x0000000000010a46      0x330 Drivers/STM32F1xx_HAL_Driver/Src/stm32f1xx_hal.o
 .debug_macro   0x0000000000010d76       0xfd Drivers/STM32F1xx_HAL_Driver/Src/stm32f1xx_hal.o
 .debug_macro   0x0000000000010e73       0x10 Drivers/STM32F1xx_HAL_Driver/Src/stm32f1xx_hal.o
 .debug_macro   0x0000000000010e83       0x58 Drivers/STM32F1xx_HAL_Driver/Src/stm32f1xx_hal.o
 .debug_macro   0x0000000000010edb       0x1f Drivers/STM32F1xx_HAL_Driver/Src/stm32f1xx_hal.o
 .debug_macro   0x0000000000010efa       0x43 Drivers/STM32F1xx_HAL_Driver/Src/stm32f1xx_hal.o
 .debug_macro   0x0000000000010f3d       0x20 Drivers/STM32F1xx_HAL_Driver/Src/stm32f1xx_hal.o
 .debug_macro   0x0000000000010f5d      0x18e Drivers/STM32F1xx_HAL_Driver/Src/stm32f1xx_hal.o
 .debug_macro   0x00000000000110eb       0x10 Drivers/STM32F1xx_HAL_Driver/Src/stm32f1xx_hal.o
 .debug_macro   0x00000000000110fb       0x1c Drivers/STM32F1xx_HAL_Driver/Src/stm32f1xx_hal.o
 .debug_macro   0x0000000000011117       0x52 Drivers/STM32F1xx_HAL_Driver/Src/stm32f1xx_hal.o
 .debug_macro   0x0000000000011169       0x40 Drivers/STM32F1xx_HAL_Driver/Src/stm32f1xx_hal.o
 .debug_macro   0x00000000000111a9       0x10 Drivers/STM32F1xx_HAL_Driver/Src/stm32f1xx_hal.o
 .debug_macro   0x00000000000111b9       0x40 Drivers/STM32F1xx_HAL_Driver/Src/stm32f1xx_hal.o
 .debug_macro   0x00000000000111f9       0xd7 Drivers/STM32F1xx_HAL_Driver/Src/stm32f1xx_hal.o
 .debug_macro   0x00000000000112d0       0x1c Drivers/STM32F1xx_HAL_Driver/Src/stm32f1xx_hal.o
 .debug_macro   0x00000000000112ec       0x3d Drivers/STM32F1xx_HAL_Driver/Src/stm32f1xx_hal.o
 .debug_macro   0x0000000000011329       0x16 Drivers/STM32F1xx_HAL_Driver/Src/stm32f1xx_hal.o
 .debug_macro   0x000000000001133f      0x16f Drivers/STM32F1xx_HAL_Driver/Src/stm32f1xx_hal.o
 .debug_macro   0x00000000000114ae       0x50 Drivers/STM32F1xx_HAL_Driver/Src/stm32f1xx_hal.o
 .debug_macro   0x00000000000114fe      0x5c2 Drivers/STM32F1xx_HAL_Driver/Src/stm32f1xx_hal.o
 .debug_macro   0x0000000000011ac0      0x28a Drivers/STM32F1xx_HAL_Driver/Src/stm32f1xx_hal.o
 .debug_macro   0x0000000000011d4a      0x1cb Drivers/STM32F1xx_HAL_Driver/Src/stm32f1xx_hal.o
 .debug_macro   0x0000000000011f15      0x11e Drivers/STM32F1xx_HAL_Driver/Src/stm32f1xx_hal.o
 .debug_macro   0x0000000000012033      0x1b3 Drivers/STM32F1xx_HAL_Driver/Src/stm32f1xx_hal.o
 .debug_macro   0x00000000000121e6       0x27 Drivers/STM32F1xx_HAL_Driver/Src/stm32f1xx_hal.o
 .debug_macro   0x000000000001220d      0x1bc Drivers/STM32F1xx_HAL_Driver/Src/stm32f1xx_hal.o
 .debug_macro   0x00000000000123c9       0x34 Drivers/STM32F1xx_HAL_Driver/Src/stm32f1xx_hal.o
 .debug_macro   0x00000000000123fd       0x3c Drivers/STM32F1xx_HAL_Driver/Src/stm32f1xx_hal.o
 .debug_macro   0x0000000000012439       0x57 Drivers/STM32F1xx_HAL_Driver/Src/stm32f1xx_hal.o
 .debug_macro   0x0000000000012490       0x8c Drivers/STM32F1xx_HAL_Driver/Src/stm32f1xx_hal.o
 .debug_macro   0x000000000001251c      0x242 Drivers/STM32F1xx_HAL_Driver/Src/stm32f1xx_hal.o
 .debug_macro   0x000000000001275e      0x143 Drivers/STM32F1xx_HAL_Driver/Src/stm32f1xx_hal.o
 .debug_macro   0x00000000000128a1      0x1ef Drivers/STM32F1xx_HAL_Driver/Src/stm32f1xx_hal.o
 .debug_macro   0x0000000000012a90       0xf2 Drivers/STM32F1xx_HAL_Driver/Src/stm32f1xx_hal.o
 .debug_macro   0x0000000000012b82      0x1f4 Drivers/STM32F1xx_HAL_Driver/Src/stm32f1xx_hal.o
 .debug_macro   0x0000000000012d76      0x26b Drivers/STM32F1xx_HAL_Driver/Src/stm32f1xx_hal.o
 .debug_macro   0x0000000000012fe1       0x83 Drivers/STM32F1xx_HAL_Driver/Src/stm32f1xx_hal.o
 .debug_macro   0x0000000000013064      0x2ee Drivers/STM32F1xx_HAL_Driver/Src/stm32f1xx_hal_cortex.o
 .debug_macro   0x0000000000013352      0x35e Drivers/STM32F1xx_HAL_Driver/Src/stm32f1xx_hal_gpio.o
 .debug_macro   0x00000000000136b0      0x34e Drivers/STM32F1xx_HAL_Driver/Src/stm32f1xx_hal_pwr.o
 .debug_macro   0x00000000000139fe      0x300 Drivers/STM32F1xx_HAL_Driver/Src/stm32f1xx_hal_rcc.o
 .debug_macro   0x0000000000013cfe      0x2ee Drivers/STM32F1xx_HAL_Driver/Src/stm32f1xx_hal_rcc_ex.o
 .debug_macro   0x0000000000013fec      0x2fd Drivers/STM32F1xx_HAL_Driver/Src/stm32f1xx_hal_rtc.o
 .debug_macro   0x00000000000142e9      0x2f6 Drivers/STM32F1xx_HAL_Driver/Src/stm32f1xx_hal_spi.o
 .debug_macro   0x00000000000145df      0x2ee Drivers/STM32F1xx_HAL_Driver/Src/stm32f1xx_hal_spi_ex.o
 .debug_macro   0x00000000000148cd      0x2ef Drivers/STM32F1xx_HAL_Driver/Src/stm32f1xx_hal_uart.o
 .debug_macro   0x0000000000014bbc      0x33d Middlewares/Third_Party/FatFs/src/diskio.o
 .debug_macro   0x0000000000014ef9       0x16 Middlewares/Third_Party/FatFs/src/diskio.o
 .debug_macro   0x0000000000014f0f       0x7c Middlewares/Third_Party/FatFs/src/diskio.o
 .debug_macro   0x0000000000014f8b       0x6a Middlewares/Third_Party/FatFs/src/diskio.o
 .debug_macro   0x0000000000014ff5       0xd8 Middlewares/Third_Party/FatFs/src/diskio.o
 .debug_macro   0x00000000000150cd       0xee Middlewares/Third_Party/FatFs/src/diskio.o
 .debug_macro   0x00000000000151bb      0x584 Middlewares/Third_Party/FatFs/src/ff.o
 .debug_macro   0x000000000001573f       0x8e Middlewares/Third_Party/FatFs/src/ff.o
 .debug_macro   0x00000000000157cd       0x4c Middlewares/Third_Party/FatFs/src/ff.o
 .debug_macro   0x0000000000015819      0x33d Middlewares/Third_Party/FatFs/src/ff_gen_drv.o
 .debug_macro   0x0000000000015b56      0x350 Src/fatfs.o
 .debug_macro   0x0000000000015ea6      0x3a8 Src/main.o
 .debug_macro   0x000000000001624e       0x16 Src/main.o
 .debug_macro   0x0000000000016264       0x16 Src/main.o
 .debug_macro   0x000000000001627a       0x10 Src/main.o
 .debug_macro   0x000000000001628a       0x41 Src/main.o
 .debug_macro   0x00000000000162cb      0x2fd Src/stm32f1xx_hal_msp.o
 .debug_macro   0x00000000000165c8      0x307 Src/stm32f1xx_it.o
 .debug_macro   0x00000000000168cf      0x243 Src/syscalls.o
 .debug_macro   0x0000000000016b12      0x174 Src/syscalls.o
 .debug_macro   0x0000000000016c86       0x10 Src/syscalls.o
 .debug_macro   0x0000000000016c96       0x10 Src/syscalls.o
 .debug_macro   0x0000000000016ca6       0x35 Src/syscalls.o
 .debug_macro   0x0000000000016cdb      0x122 Src/syscalls.o
 .debug_macro   0x0000000000016dfd       0x10 Src/syscalls.o
 .debug_macro   0x0000000000016e0d      0x241 Src/syscalls.o
 .debug_macro   0x000000000001704e       0x10 Src/syscalls.o
 .debug_macro   0x000000000001705e      0x189 Src/syscalls.o
 .debug_macro   0x00000000000171e7       0x16 Src/syscalls.o
 .debug_macro   0x00000000000171fd       0x88 Src/syscalls.o
 .debug_macro   0x0000000000017285      0x2f4 Src/system_stm32f1xx.o
 .debug_macro   0x0000000000017579      0x374 Src/user_diskio.o
 .debug_macro   0x00000000000178ed       0x10 Src/user_diskio.o
 .debug_macro   0x00000000000178fd      0x3f7 Src/user_diskio_spi.o
 .debug_macro   0x0000000000017cf4       0x70 Src/user_diskio_spi.o

.debug_line     0x0000000000000000     0xe7af
 .debug_line    0x0000000000000000      0x9e7 Drivers/STM32F1xx_HAL_Driver/Src/stm32f1xx_hal.o
 .debug_line    0x00000000000009e7      0x9ff Drivers/STM32F1xx_HAL_Driver/Src/stm32f1xx_hal_cortex.o
 .debug_line    0x00000000000013e6      0x9e4 Drivers/STM32F1xx_HAL_Driver/Src/stm32f1xx_hal_gpio.o
 .debug_line    0x0000000000001dca      0x9d3 Drivers/STM32F1xx_HAL_Driver/Src/stm32f1xx_hal_pwr.o
 .debug_line    0x000000000000279d      0xb05 Drivers/STM32F1xx_HAL_Driver/Src/stm32f1xx_hal_rcc.o
 .debug_line    0x00000000000032a2      0x8ed Drivers/STM32F1xx_HAL_Driver/Src/stm32f1xx_hal_rcc_ex.o
 .debug_line    0x0000000000003b8f      0xd42 Drivers/STM32F1xx_HAL_Driver/Src/stm32f1xx_hal_rtc.o
 .debug_line    0x00000000000048d1     0x122e Drivers/STM32F1xx_HAL_Driver/Src/stm32f1xx_hal_spi.o
 .debug_line    0x0000000000005aff      0x860 Drivers/STM32F1xx_HAL_Driver/Src/stm32f1xx_hal_spi_ex.o
 .debug_line    0x000000000000635f     0x1118 Drivers/STM32F1xx_HAL_Driver/Src/stm32f1xx_hal_uart.o
 .debug_line    0x0000000000007477      0x8de Middlewares/Third_Party/FatFs/src/diskio.o
 .debug_line    0x0000000000007d55     0x1817 Middlewares/Third_Party/FatFs/src/ff.o
 .debug_line    0x000000000000956c      0x8e6 Middlewares/Third_Party/FatFs/src/ff_gen_drv.o
 .debug_line    0x0000000000009e52      0x8fa Src/fatfs.o
 .debug_line    0x000000000000a74c      0xa35 Src/main.o
 .debug_line    0x000000000000b181      0x8d6 Src/stm32f1xx_hal_msp.o
 .debug_line    0x000000000000ba57      0x8d3 Src/stm32f1xx_it.o
 .debug_line    0x000000000000c32a      0x659 Src/syscalls.o
 .debug_line    0x000000000000c983      0x864 Src/system_stm32f1xx.o
 .debug_line    0x000000000000d1e7      0x964 Src/user_diskio.o
 .debug_line    0x000000000000db4b      0xbe7 Src/user_diskio_spi.o
 .debug_line    0x000000000000e732       0x7d startup/startup_stm32f103xb.o

.debug_str      0x0000000000000000    0x716bf
 .debug_str     0x0000000000000000    0x6c120 Drivers/STM32F1xx_HAL_Driver/Src/stm32f1xx_hal.o
                                      0x6c4f4 (size before relaxing)
 .debug_str     0x000000000006c120      0x2e1 Drivers/STM32F1xx_HAL_Driver/Src/stm32f1xx_hal_cortex.o
                                      0x6c4c3 (size before relaxing)
 .debug_str     0x000000000006c401      0x3b0 Drivers/STM32F1xx_HAL_Driver/Src/stm32f1xx_hal_gpio.o
                                      0x6c20a (size before relaxing)
 .debug_str     0x000000000006c7b1      0x52b Drivers/STM32F1xx_HAL_Driver/Src/stm32f1xx_hal_pwr.o
                                      0x6c3b5 (size before relaxing)
 .debug_str     0x000000000006ccdc      0x35c Drivers/STM32F1xx_HAL_Driver/Src/stm32f1xx_hal_rcc.o
                                      0x6c25f (size before relaxing)
 .debug_str     0x000000000006d038      0x12b Drivers/STM32F1xx_HAL_Driver/Src/stm32f1xx_hal_rcc_ex.o
                                      0x6bfeb (size before relaxing)
 .debug_str     0x000000000006d163      0x4ca Drivers/STM32F1xx_HAL_Driver/Src/stm32f1xx_hal_rtc.o
                                      0x6c377 (size before relaxing)
 .debug_str     0x000000000006d62d      0x884 Drivers/STM32F1xx_HAL_Driver/Src/stm32f1xx_hal_spi.o
                                      0x6c722 (size before relaxing)
 .debug_str     0x000000000006deb1       0x3b Drivers/STM32F1xx_HAL_Driver/Src/stm32f1xx_hal_spi_ex.o
                                      0x6c1f1 (size before relaxing)
 .debug_str     0x000000000006deec      0x67b Drivers/STM32F1xx_HAL_Driver/Src/stm32f1xx_hal_uart.o
                                      0x6c778 (size before relaxing)
 .debug_str     0x000000000006e567      0x9ef Middlewares/Third_Party/FatFs/src/diskio.o
                                      0x6c7a8 (size before relaxing)
 .debug_str     0x000000000006ef56      0xdd5 Middlewares/Third_Party/FatFs/src/ff.o
                                      0x6d5aa (size before relaxing)
 .debug_str     0x000000000006fd2b       0xa2 Middlewares/Third_Party/FatFs/src/ff_gen_drv.o
                                      0x6c7f9 (size before relaxing)
 .debug_str     0x000000000006fdcd       0x69 Src/fatfs.o
                                      0x6c876 (size before relaxing)
 .debug_str     0x000000000006fe36      0x21a Src/main.o
                                      0x6d90a (size before relaxing)
 .debug_str     0x0000000000070050       0x1b Src/stm32f1xx_hal_msp.o
                                      0x6c6d3 (size before relaxing)
 .debug_str     0x000000000007006b       0xcd Src/stm32f1xx_it.o
                                      0x6c029 (size before relaxing)
 .debug_str     0x0000000000070138     0x110a Src/syscalls.o
                                       0x85dd (size before relaxing)
 .debug_str     0x0000000000071242       0x69 Src/system_stm32f1xx.o
                                      0x6beb5 (size before relaxing)
 .debug_str     0x00000000000712ab       0xba Src/user_diskio.o
                                      0x6c830 (size before relaxing)
 .debug_str     0x0000000000071365      0x32b Src/user_diskio_spi.o
                                      0x6cebd (size before relaxing)
 .debug_str     0x0000000000071690       0x2f startup/startup_stm32f103xb.o
                                         0x81 (size before relaxing)

.comment        0x0000000000000000       0x7f
 .comment       0x0000000000000000       0x7f Drivers/STM32F1xx_HAL_Driver/Src/stm32f1xx_hal.o
                                         0x80 (size before relaxing)
 .comment       0x000000000000007f       0x80 Drivers/STM32F1xx_HAL_Driver/Src/stm32f1xx_hal_cortex.o
 .comment       0x000000000000007f       0x80 Drivers/STM32F1xx_HAL_Driver/Src/stm32f1xx_hal_gpio.o
 .comment       0x000000000000007f       0x80 Drivers/STM32F1xx_HAL_Driver/Src/stm32f1xx_hal_pwr.o
 .comment       0x000000000000007f       0x80 Drivers/STM32F1xx_HAL_Driver/Src/stm32f1xx_hal_rcc.o
 .comment       0x000000000000007f       0x80 Drivers/STM32F1xx_HAL_Driver/Src/stm32f1xx_hal_rcc_ex.o
 .comment       0x000000000000007f       0x80 Drivers/STM32F1xx_HAL_Driver/Src/stm32f1xx_hal_rtc.o
 .comment       0x000000000000007f       0x80 Drivers/STM32F1xx_HAL_Driver/Src/stm32f1xx_hal_spi.o
 .comment       0x000000000000007f       0x80 Drivers/STM32F1xx_HAL_Driver/Src/stm32f1xx_hal_spi_ex.o
 .comment       0x000000000000007f       0x80 Drivers/STM32F1xx_HAL_Driver/Src/stm32f1xx_hal_uart.o
 .comment       0x000000000000007f       0x80 Middlewares/Third_Party/FatFs/src/diskio.o
 .comment       0x000000000000007f       0x80 Middlewares/Third_Party/FatFs/src/ff.o
 .comment       0x000000000000007f       0x80 Middlewares/Third_Party/FatFs/src/ff_gen_drv.o
 .comment       0x000000000000007f       0x80 Src/fatfs.o
 .comment       0x000000000000007f       0x80 Src/main.o
 .comment       0x000000000000007f       0x80 Src/stm32f1xx_hal_msp.o
 .comment       0x000000000000007f       0x80 Src/stm32f1xx_it.o
 .comment       0x000000000000007f       0x80 Src/syscalls.o
 .comment       0x000000000000007f       0x80 Src/system_stm32f1xx.o
 .comment       0x000000000000007f       0x80 Src/user_diskio.o
 .comment       0x000000000000007f       0x80 Src/user_diskio_spi.o

.debug_frame    0x0000000000000000     0x280c
 .debug_frame   0x0000000000000000      0x1ac Drivers/STM32F1xx_HAL_Driver/Src/stm32f1xx_hal.o
 .debug_frame   0x00000000000001ac      0x12c Drivers/STM32F1xx_HAL_Driver/Src/stm32f1xx_hal_cortex.o
 .debug_frame   0x00000000000002d8       0xd4 Drivers/STM32F1xx_HAL_Driver/Src/stm32f1xx_hal_gpio.o
 .debug_frame   0x00000000000003ac      0x140 Drivers/STM32F1xx_HAL_Driver/Src/stm32f1xx_hal_pwr.o
 .debug_frame   0x00000000000004ec      0x174 Drivers/STM32F1xx_HAL_Driver/Src/stm32f1xx_hal_rcc.o
 .debug_frame   0x0000000000000660       0x6c Drivers/STM32F1xx_HAL_Driver/Src/stm32f1xx_hal_rcc_ex.o
 .debug_frame   0x00000000000006cc      0x358 Drivers/STM32F1xx_HAL_Driver/Src/stm32f1xx_hal_rtc.o
 .debug_frame   0x0000000000000a24      0x56c Drivers/STM32F1xx_HAL_Driver/Src/stm32f1xx_hal_spi.o
 .debug_frame   0x0000000000000f90       0x2c Drivers/STM32F1xx_HAL_Driver/Src/stm32f1xx_hal_spi_ex.o
 .debug_frame   0x0000000000000fbc      0x4f0 Drivers/STM32F1xx_HAL_Driver/Src/stm32f1xx_hal_uart.o
 .debug_frame   0x00000000000014ac       0xa0 Middlewares/Third_Party/FatFs/src/diskio.o
 .debug_frame   0x000000000000154c      0x780 Middlewares/Third_Party/FatFs/src/ff.o
 .debug_frame   0x0000000000001ccc       0x7c Middlewares/Third_Party/FatFs/src/ff_gen_drv.o
 .debug_frame   0x0000000000001d48       0x38 Src/fatfs.o
 .debug_frame   0x0000000000001d80      0x108 Src/main.o
 .debug_frame   0x0000000000001e88       0xc4 Src/stm32f1xx_hal_msp.o
 .debug_frame   0x0000000000001f4c       0xc0 Src/stm32f1xx_it.o
 .debug_frame   0x000000000000200c      0x1a8 Src/syscalls.o
 .debug_frame   0x00000000000021b4       0x30 Src/system_stm32f1xx.o
 .debug_frame   0x00000000000021e4       0x88 Src/user_diskio.o
 .debug_frame   0x000000000000226c      0x208 Src/user_diskio_spi.o
 .debug_frame   0x0000000000002474       0x20 /Applications/Ac6/SystemWorkbench.app/Contents/Eclipse/plugins/fr.ac6.mcu.externaltools.arm-none.macos64_1.17.0.201812190825/tools/compiler/bin/../lib/gcc/arm-none-eabi/7.3.1/../../../../arm-none-eabi/lib/thumb/v7-m/libc_nano.a(lib_a-errno.o)
 .debug_frame   0x0000000000002494       0x2c /Applications/Ac6/SystemWorkbench.app/Contents/Eclipse/plugins/fr.ac6.mcu.externaltools.arm-none.macos64_1.17.0.201812190825/tools/compiler/bin/../lib/gcc/arm-none-eabi/7.3.1/../../../../arm-none-eabi/lib/thumb/v7-m/libc_nano.a(lib_a-init.o)
 .debug_frame   0x00000000000024c0       0x20 /Applications/Ac6/SystemWorkbench.app/Contents/Eclipse/plugins/fr.ac6.mcu.externaltools.arm-none.macos64_1.17.0.201812190825/tools/compiler/bin/../lib/gcc/arm-none-eabi/7.3.1/../../../../arm-none-eabi/lib/thumb/v7-m/libc_nano.a(lib_a-memset.o)
 .debug_frame   0x00000000000024e0       0x4c /Applications/Ac6/SystemWorkbench.app/Contents/Eclipse/plugins/fr.ac6.mcu.externaltools.arm-none.macos64_1.17.0.201812190825/tools/compiler/bin/../lib/gcc/arm-none-eabi/7.3.1/../../../../arm-none-eabi/lib/thumb/v7-m/libc_nano.a(lib_a-vsnprintf.o)
 .debug_frame   0x000000000000252c       0x90 /Applications/Ac6/SystemWorkbench.app/Contents/Eclipse/plugins/fr.ac6.mcu.externaltools.arm-none.macos64_1.17.0.201812190825/tools/compiler/bin/../lib/gcc/arm-none-eabi/7.3.1/../../../../arm-none-eabi/lib/thumb/v7-m/libc_nano.a(lib_a-nano-svfprintf.o)
 .debug_frame   0x00000000000025bc       0x60 /Applications/Ac6/SystemWorkbench.app/Contents/Eclipse/plugins/fr.ac6.mcu.externaltools.arm-none.macos64_1.17.0.201812190825/tools/compiler/bin/../lib/gcc/arm-none-eabi/7.3.1/../../../../arm-none-eabi/lib/thumb/v7-m/libc_nano.a(lib_a-nano-vfprintf_i.o)
 .debug_frame   0x000000000000261c       0x28 /Applications/Ac6/SystemWorkbench.app/Contents/Eclipse/plugins/fr.ac6.mcu.externaltools.arm-none.macos64_1.17.0.201812190825/tools/compiler/bin/../lib/gcc/arm-none-eabi/7.3.1/../../../../arm-none-eabi/lib/thumb/v7-m/libc_nano.a(lib_a-memchr-stub.o)
 .debug_frame   0x0000000000002644       0x28 /Applications/Ac6/SystemWorkbench.app/Contents/Eclipse/plugins/fr.ac6.mcu.externaltools.arm-none.macos64_1.17.0.201812190825/tools/compiler/bin/../lib/gcc/arm-none-eabi/7.3.1/../../../../arm-none-eabi/lib/thumb/v7-m/libc_nano.a(lib_a-memcpy-stub.o)
 .debug_frame   0x000000000000266c       0x28 /Applications/Ac6/SystemWorkbench.app/Contents/Eclipse/plugins/fr.ac6.mcu.externaltools.arm-none.macos64_1.17.0.201812190825/tools/compiler/bin/../lib/gcc/arm-none-eabi/7.3.1/../../../../arm-none-eabi/lib/thumb/v7-m/libc_nano.a(lib_a-memmove.o)
 .debug_frame   0x0000000000002694       0x38 /Applications/Ac6/SystemWorkbench.app/Contents/Eclipse/plugins/fr.ac6.mcu.externaltools.arm-none.macos64_1.17.0.201812190825/tools/compiler/bin/../lib/gcc/arm-none-eabi/7.3.1/../../../../arm-none-eabi/lib/thumb/v7-m/libc_nano.a(lib_a-nano-freer.o)
 .debug_frame   0x00000000000026cc       0x2c /Applications/Ac6/SystemWorkbench.app/Contents/Eclipse/plugins/fr.ac6.mcu.externaltools.arm-none.macos64_1.17.0.201812190825/tools/compiler/bin/../lib/gcc/arm-none-eabi/7.3.1/../../../../arm-none-eabi/lib/thumb/v7-m/libc_nano.a(lib_a-nano-mallocr.o)
 .debug_frame   0x00000000000026f8       0x3c /Applications/Ac6/SystemWorkbench.app/Contents/Eclipse/plugins/fr.ac6.mcu.externaltools.arm-none.macos64_1.17.0.201812190825/tools/compiler/bin/../lib/gcc/arm-none-eabi/7.3.1/../../../../arm-none-eabi/lib/thumb/v7-m/libc_nano.a(lib_a-nano-reallocr.o)
 .debug_frame   0x0000000000002734       0x2c /Applications/Ac6/SystemWorkbench.app/Contents/Eclipse/plugins/fr.ac6.mcu.externaltools.arm-none.macos64_1.17.0.201812190825/tools/compiler/bin/../lib/gcc/arm-none-eabi/7.3.1/../../../../arm-none-eabi/lib/thumb/v7-m/libc_nano.a(lib_a-sbrkr.o)
 .debug_frame   0x0000000000002760       0x30 /Applications/Ac6/SystemWorkbench.app/Contents/Eclipse/plugins/fr.ac6.mcu.externaltools.arm-none.macos64_1.17.0.201812190825/tools/compiler/bin/../lib/gcc/arm-none-eabi/7.3.1/../../../../arm-none-eabi/lib/thumb/v7-m/libc_nano.a(lib_a-mlock.o)
 .debug_frame   0x0000000000002790       0x20 /Applications/Ac6/SystemWorkbench.app/Contents/Eclipse/plugins/fr.ac6.mcu.externaltools.arm-none.macos64_1.17.0.201812190825/tools/compiler/bin/../lib/gcc/arm-none-eabi/7.3.1/../../../../arm-none-eabi/lib/thumb/v7-m/libc_nano.a(lib_a-nano-msizer.o)
 .debug_frame   0x00000000000027b0       0x5c /Applications/Ac6/SystemWorkbench.app/Contents/Eclipse/plugins/fr.ac6.mcu.externaltools.arm-none.macos64_1.17.0.201812190825/tools/compiler/bin/../lib/gcc/arm-none-eabi/7.3.1/../../../../arm-none-eabi/lib/thumb/v7-m/libc_nano.a(lib_a-reent.o)
